Archive member included to satisfy reference by file (symbol)

C:/MaximSDK/Libraries/PeriphDrivers/bin/MAX78000/spi-v1_softfp/libPeriphDriver_spi-v1_softfp.a(mxc_delay.o)
                              d:/home/eepw-digikey/2025-2/FTHR_I2C/build/main.o (MXC_Delay)
C:/MaximSDK/Libraries/PeriphDrivers/bin/MAX78000/spi-v1_softfp/libPeriphDriver_spi-v1_softfp.a(nvic_table.o)
                              d:/home/eepw-digikey/2025-2/FTHR_I2C/build/camera.o (MXC_NVIC_SetVector)
C:/MaximSDK/Libraries/PeriphDrivers/bin/MAX78000/spi-v1_softfp/libPeriphDriver_spi-v1_softfp.a(pins_ai85.o)
                              d:/home/eepw-digikey/2025-2/FTHR_I2C/build/camera.o (gpio_cfg_pcif_xclk)
C:/MaximSDK/Libraries/PeriphDrivers/bin/MAX78000/spi-v1_softfp/libPeriphDriver_spi-v1_softfp.a(sys_ai85.o)
                              d:/home/eepw-digikey/2025-2/FTHR_I2C/build/board.o (MXC_SYS_ClockEnable)
C:/MaximSDK/Libraries/PeriphDrivers/bin/MAX78000/spi-v1_softfp/libPeriphDriver_spi-v1_softfp.a(aes_me17.o)
                              C:/MaximSDK/Libraries/PeriphDrivers/bin/MAX78000/spi-v1_softfp/libPeriphDriver_spi-v1_softfp.a(sys_ai85.o) (MXC_AES_Init)
C:/MaximSDK/Libraries/PeriphDrivers/bin/MAX78000/spi-v1_softfp/libPeriphDriver_spi-v1_softfp.a(aes_revb.o)
                              C:/MaximSDK/Libraries/PeriphDrivers/bin/MAX78000/spi-v1_softfp/libPeriphDriver_spi-v1_softfp.a(aes_me17.o) (MXC_AES_RevB_Init)
C:/MaximSDK/Libraries/PeriphDrivers/bin/MAX78000/spi-v1_softfp/libPeriphDriver_spi-v1_softfp.a(cameraif_ai85.o)
                              d:/home/eepw-digikey/2025-2/FTHR_I2C/build/camera.o (MXC_PCIF_Init)
C:/MaximSDK/Libraries/PeriphDrivers/bin/MAX78000/spi-v1_softfp/libPeriphDriver_spi-v1_softfp.a(cameraif_reva.o)
                              C:/MaximSDK/Libraries/PeriphDrivers/bin/MAX78000/spi-v1_softfp/libPeriphDriver_spi-v1_softfp.a(cameraif_ai85.o) (MXC_PCIF_RevA_SetDatawidth)
C:/MaximSDK/Libraries/PeriphDrivers/bin/MAX78000/spi-v1_softfp/libPeriphDriver_spi-v1_softfp.a(dma_me17.o)
                              d:/home/eepw-digikey/2025-2/FTHR_I2C/build/fastspi.o (MXC_DMA_Init)
C:/MaximSDK/Libraries/PeriphDrivers/bin/MAX78000/spi-v1_softfp/libPeriphDriver_spi-v1_softfp.a(dma_reva.o)
                              C:/MaximSDK/Libraries/PeriphDrivers/bin/MAX78000/spi-v1_softfp/libPeriphDriver_spi-v1_softfp.a(dma_me17.o) (MXC_DMA_RevA_Init)
C:/MaximSDK/Libraries/PeriphDrivers/bin/MAX78000/spi-v1_softfp/libPeriphDriver_spi-v1_softfp.a(flc_me17.o)
                              C:/MaximSDK/Libraries/PeriphDrivers/bin/MAX78000/spi-v1_softfp/libPeriphDriver_spi-v1_softfp.a(sys_ai85.o) (MXC_FLC_UnlockInfoBlock)
C:/MaximSDK/Libraries/PeriphDrivers/bin/MAX78000/spi-v1_softfp/libPeriphDriver_spi-v1_softfp.a(flc_reva.o)
                              C:/MaximSDK/Libraries/PeriphDrivers/bin/MAX78000/spi-v1_softfp/libPeriphDriver_spi-v1_softfp.a(flc_me17.o) (MXC_FLC_RevA_Busy)
C:/MaximSDK/Libraries/PeriphDrivers/bin/MAX78000/spi-v1_softfp/libPeriphDriver_spi-v1_softfp.a(gpio_ai85.o)
                              d:/home/eepw-digikey/2025-2/FTHR_I2C/build/main.o (MXC_GPIO_Config)
C:/MaximSDK/Libraries/PeriphDrivers/bin/MAX78000/spi-v1_softfp/libPeriphDriver_spi-v1_softfp.a(gpio_reva.o)
                              C:/MaximSDK/Libraries/PeriphDrivers/bin/MAX78000/spi-v1_softfp/libPeriphDriver_spi-v1_softfp.a(gpio_ai85.o) (MXC_GPIO_RevA_InGet)
C:/MaximSDK/Libraries/PeriphDrivers/bin/MAX78000/spi-v1_softfp/libPeriphDriver_spi-v1_softfp.a(i2c_me17.o)
                              d:/home/eepw-digikey/2025-2/FTHR_I2C/build/main.o (MXC_I2C_Init)
C:/MaximSDK/Libraries/PeriphDrivers/bin/MAX78000/spi-v1_softfp/libPeriphDriver_spi-v1_softfp.a(i2c_reva.o)
                              C:/MaximSDK/Libraries/PeriphDrivers/bin/MAX78000/spi-v1_softfp/libPeriphDriver_spi-v1_softfp.a(i2c_me17.o) (MXC_I2C_RevA_DMACallback)
C:/MaximSDK/Libraries/PeriphDrivers/bin/MAX78000/spi-v1_softfp/libPeriphDriver_spi-v1_softfp.a(icc_me17.o)
                              d:/home/eepw-digikey/2025-2/FTHR_I2C/build/system_max78000.o (MXC_ICC_Enable)
C:/MaximSDK/Libraries/PeriphDrivers/bin/MAX78000/spi-v1_softfp/libPeriphDriver_spi-v1_softfp.a(icc_reva.o)
                              C:/MaximSDK/Libraries/PeriphDrivers/bin/MAX78000/spi-v1_softfp/libPeriphDriver_spi-v1_softfp.a(icc_me17.o) (MXC_ICC_RevA_ID)
C:/MaximSDK/Libraries/PeriphDrivers/bin/MAX78000/spi-v1_softfp/libPeriphDriver_spi-v1_softfp.a(pt_ai85.o)
                              d:/home/eepw-digikey/2025-2/FTHR_I2C/build/camera.o (MXC_PT_Init)
C:/MaximSDK/Libraries/PeriphDrivers/bin/MAX78000/spi-v1_softfp/libPeriphDriver_spi-v1_softfp.a(pt_reva.o)
                              C:/MaximSDK/Libraries/PeriphDrivers/bin/MAX78000/spi-v1_softfp/libPeriphDriver_spi-v1_softfp.a(pt_ai85.o) (MXC_PT_RevA_Init)
C:/MaximSDK/Libraries/PeriphDrivers/bin/MAX78000/spi-v1_softfp/libPeriphDriver_spi-v1_softfp.a(rtc_me17.o)
[...]
Memory Configuration

Name             Origin             Length             Attributes
ROM              0x00000000         0x00010000         xr
FLASH            0x10000000         0x00080000         xr
SRAM             0x20000000         0x00020000         xrw
*default*        0x00000000         0xffffffff

Linker script and memory map

LOAD c:/maximsdk/tools/gnutools/10.3/bin/../lib/gcc/arm-none-eabi/10.3.1/thumb/v7e-m+fp/softfp/crti.o
LOAD c:/maximsdk/tools/gnutools/10.3/bin/../lib/gcc/arm-none-eabi/10.3.1/thumb/v7e-m+fp/softfp/crtbegin.o
LOAD c:/maximsdk/tools/gnutools/10.3/bin/../lib/gcc/arm-none-eabi/10.3.1/../../../../arm-none-eabi/lib/thumb/v7e-m+fp/softfp/crt0.o
LOAD d:/home/eepw-digikey/2025-2/FTHR_I2C/build/algorithm.o
LOAD d:/home/eepw-digikey/2025-2/FTHR_I2C/build/main.o
LOAD d:/home/eepw-digikey/2025-2/FTHR_I2C/build/max30102.o
LOAD d:/home/eepw-digikey/2025-2/FTHR_I2C/build/board.o
LOAD d:/home/eepw-digikey/2025-2/FTHR_I2C/build/stdio.o
LOAD d:/home/eepw-digikey/2025-2/FTHR_I2C/build/led.o
LOAD d:/home/eepw-digikey/2025-2/FTHR_I2C/build/pb.o
LOAD d:/home/eepw-digikey/2025-2/FTHR_I2C/build/tft_ili9341.o
LOAD d:/home/eepw-digikey/2025-2/FTHR_I2C/build/camera.o
LOAD d:/home/eepw-digikey/2025-2/FTHR_I2C/build/ov7692.o
LOAD d:/home/eepw-digikey/2025-2/FTHR_I2C/build/sccb.o
LOAD d:/home/eepw-digikey/2025-2/FTHR_I2C/build/max20303.o
LOAD d:/home/eepw-digikey/2025-2/FTHR_I2C/build/max9867.o
LOAD d:/home/eepw-digikey/2025-2/FTHR_I2C/build/N01S830HA.o
LOAD d:/home/eepw-digikey/2025-2/FTHR_I2C/build/fastspi.o
LOAD d:/home/eepw-digikey/2025-2/FTHR_I2C/build/startup_max78000.o
LOAD d:/home/eepw-digikey/2025-2/FTHR_I2C/build/heap.o
LOAD d:/home/eepw-digikey/2025-2/FTHR_I2C/build/system_max78000.o
START GROUP
LOAD C:/MaximSDK/Libraries/PeriphDrivers/bin/MAX78000/spi-v1_softfp/libPeriphDriver_spi-v1_softfp.a
LOAD c:/maximsdk/tools/gnutools/10.3/bin/../lib/gcc/arm-none-eabi/10.3.1/../../../../arm-none-eabi/lib/thumb/v7e-m+fp/softfp\libc.a
LOAD c:/maximsdk/tools/gnutools/10.3/bin/../lib/gcc/arm-none-eabi/10.3.1/../../../../arm-none-eabi/lib/thumb/v7e-m+fp/softfp\libm.a
LOAD c:/maximsdk/tools/gnutools/10.3/bin/../lib/gcc/arm-none-eabi/10.3.1/../../../../arm-none-eabi/lib/thumb/v7e-m+fp/softfp\libnosys.a
END GROUP
START GROUP
LOAD c:/maximsdk/tools/gnutools/10.3/bin/../lib/gcc/arm-none-eabi/10.3.1/thumb/v7e-m+fp/softfp\libgcc.a
LOAD c:/maximsdk/tools/gnutools/10.3/bin/../lib/gcc/arm-none-eabi/10.3.1/../../../../arm-none-eabi/lib/thumb/v7e-m+fp/softfp\libc.a
END GROUP
LOAD c:/maximsdk/tools/gnutools/10.3/bin/../lib/gcc/arm-none-eabi/10.3.1/thumb/v7e-m+fp/softfp/crtend.o
LOAD c:/maximsdk/tools/gnutools/10.3/bin/../lib/gcc/arm-none-eabi/10.3.1/thumb/v7e-m+fp/softfp/crtn.o

.rom
 *(.rom_vector)
 *(.rom_handlers*)

.text           0x10000000     0xca4c
                0x10000000                _text = .
 *(.isr_vector)
 .isr_vector    0x10000000      0x1e0 d:/home/eepw-digikey/2025-2/FTHR_I2C/build/startup_max78000.o
                0x10000000                __isr_vector
 EXCLUDE_FILE(*riscv.o) *(.text*)
 .text          0x100001e0       0x40 c:/maximsdk/tools/gnutools/10.3/bin/../lib/gcc/arm-none-eabi/10.3.1/thumb/v7e-m+fp/softfp/crtbegin.o
 .text.maxim_peaks_above_min_height
                0x10000220       0x8c d:/home/eepw-digikey/2025-2/FTHR_I2C/build/algorithm.o
                0x10000220                maxim_peaks_above_min_height
 .text.maxim_sort_ascend
                0x100002ac       0x3c d:/home/eepw-digikey/2025-2/FTHR_I2C/build/algorithm.o
                0x100002ac                maxim_sort_ascend
 .text.maxim_sort_indices_descend
                0x100002e8       0x4c d:/home/eepw-digikey/2025-2/FTHR_I2C/build/algorithm.o
                0x100002e8                maxim_sort_indices_descend
 .text.maxim_remove_close_peaks
                0x10000334       0x88 d:/home/eepw-digikey/2025-2/FTHR_I2C/build/algorithm.o
                0x10000334                maxim_remove_close_peaks
 .text.maxim_heart_rate_and_oxygen_saturation
                0x100003bc      0x418 d:/home/eepw-digikey/2025-2/FTHR_I2C/build/algorithm.o
                0x100003bc                maxim_heart_rate_and_oxygen_saturation
 .text.SSD1306_SetCursor.part.0
                0x100007d4       0x50 d:/home/eepw-digikey/2025-2/FTHR_I2C/build/main.o
 .text.Buttons_Init
                0x10000824       0x4c d:/home/eepw-digikey/2025-2/FTHR_I2C/build/main.o
                0x10000824                Buttons_Init
 .text.Check_Buttons
                0x10000870       0x74 d:/home/eepw-digikey/2025-2/FTHR_I2C/build/main.o
                0x10000870                Check_Buttons
 .text.RTC_Init
                0x100008e4       0x24 d:/home/eepw-digikey/2025-2/FTHR_I2C/build/main.o
                0x100008e4                RTC_Init
 .text.SetLEDs  0x10000908       0x70 d:/home/eepw-digikey/2025-2/FTHR_I2C/build/main.o
                0x10000908                SetLEDs
 .text.SSD1306_Init
                0x10000978       0x7c d:/home/eepw-digikey/2025-2/FTHR_I2C/build/main.o
                0x10000978                SSD1306_Init
 .text.SSD1306_Clear
                0x100009f4       0x98 d:/home/eepw-digikey/2025-2/FTHR_I2C/build/main.o
                0x100009f4                SSD1306_Clear
 .text.SSD1306_PrintString
                0x10000a8c       0x7c d:/home/eepw-digikey/2025-2/FTHR_I2C/build/main.o
                0x10000a8c                SSD1306_PrintString
 .text.Show_Time
                0x10000b08       0xa4 d:/home/eepw-digikey/2025-2/FTHR_I2C/build/main.o
                0x10000b08                Show_Time
 .text.Show_Main_Menu
                0x10000bac       0x40 d:/home/eepw-digikey/2025-2/FTHR_I2C/build/main.o
                0x10000bac                Show_Main_Menu
 .text.startup.main
                0x10000bec      0x1f0 d:/home/eepw-digikey/2025-2/FTHR_I2C/build/main.o
                0x10000bec                main
 .text.max30102_read_reg
                0x10000ddc       0x4c d:/home/eepw-digikey/2025-2/FTHR_I2C/build/max30102.o
                0x10000ddc                max30102_read_reg
 .text.max30102_read_data
                0x10000e28       0x50 d:/home/eepw-digikey/2025-2/FTHR_I2C/build/max30102.o
                0x10000e28                max30102_read_data
 .text.enable_temp
                0x10000e78       0x50 d:/home/eepw-digikey/2025-2/FTHR_I2C/build/max30102.o
                0x10000e78                enable_temp
 .text.MAX30102_Config
                0x10000ec8      0x348 d:/home/eepw-digikey/2025-2/FTHR_I2C/build/max30102.o
                0x10000ec8                MAX30102_Config
 .text.max30102_read_fifo
                0x10001210       0x58 d:/home/eepw-digikey/2025-2/FTHR_I2C/build/max30102.o
                0x10001210                max30102_read_fifo
 .text.max30102_temp
                0x10001268        0x8 d:/home/eepw-digikey/2025-2/FTHR_I2C/build/max30102.o
                0x10001268                max30102_temp
 .text.blood_data_update
                0x10001270       0x90 d:/home/eepw-digikey/2025-2/FTHR_I2C/build/max30102.o
                0x10001270                blood_data_update
 .text.get_data_show
                0x10001300      0x190 d:/home/eepw-digikey/2025-2/FTHR_I2C/build/max30102.o
                0x10001300                get_data_show
 .text.mxc_assert
                0x10001490       0x10 d:/home/eepw-digikey/2025-2/FTHR_I2C/build/board.o
                0x10001490                mxc_assert
 .text.GPIO0_IRQHandler
                0x100014a0        0x8 d:/home/eepw-digikey/2025-2/FTHR_I2C/build/board.o
                0x100014a0                GPIO0_IRQHandler
 .text.GPIO1_IRQHandler
                0x100014a8        0x8 d:/home/eepw-digikey/2025-2/FTHR_I2C/build/board.o
                0x100014a8                GPIO1_IRQHandler
 .text.Board_Init
                0x100014b0       0x6c d:/home/eepw-digikey/2025-2/FTHR_I2C/build/board.o
                0x100014b0                Board_Init
 .text.NMI_Handler
                0x1000151c        0x4 d:/home/eepw-digikey/2025-2/FTHR_I2C/build/board.o
                0x1000151c                NMI_Handler
 .text._close   0x10001520        0x8 d:/home/eepw-digikey/2025-2/FTHR_I2C/build/stdio.o
                0x10001520                _close
 .text._isatty  0x10001528        0x8 d:/home/eepw-digikey/2025-2/FTHR_I2C/build/stdio.o
                0x10001528                _isatty
 .text._lseek   0x10001530        0x8 d:/home/eepw-digikey/2025-2/FTHR_I2C/build/stdio.o
                0x10001530                _lseek
 .text._fstat   0x10001538        0x8 d:/home/eepw-digikey/2025-2/FTHR_I2C/build/stdio.o
                0x10001538                _fstat
 .text._read    0x10001540       0x50 d:/home/eepw-digikey/2025-2/FTHR_I2C/build/stdio.o
                0x10001540                _read
 .text._write   0x10001590       0x54 d:/home/eepw-digikey/2025-2/FTHR_I2C/build/stdio.o
                0x10001590                _write
 .text.LED_Init
                0x100015e4       0x40 d:/home/eepw-digikey/2025-2/FTHR_I2C/build/led.o
                0x100015e4                LED_Init
 .text.PB_Init  0x10001624       0x68 d:/home/eepw-digikey/2025-2/FTHR_I2C/build/pb.o
                0x10001624                PB_Init
 .text          0x1000168c      0x148 d:/home/eepw-digikey/2025-2/FTHR_I2C/build/startup_max78000.o
                0x1000168c                Reset_Handler
                0x100016ca                HardFault_Handler
                0x100016cc                MemManage_Handler
                0x100016ce                BusFault_Handler
                0x100016d0                UsageFault_Handler
                0x100016d2                SVC_Handler
                0x100016d4                DebugMon_Handler
                0x100016d6                PendSV_Handler
                0x100016d8                SysTick_Handler
                0x100016da                Default_Handler
                0x100016dc                PF_IRQHandler
                0x100016de                WDT0_IRQHandler
                0x100016e0                RSV02_IRQHandler
                0x100016e2                RTC_IRQHandler
                0x100016e4                TRNG_IRQHandler
                0x100016e6                TMR0_IRQHandler
                0x100016e8                TMR1_IRQHandler
                0x100016ea                TMR2_IRQHandler
                0x100016ec                TMR3_IRQHandler
                0x100016ee                TMR4_IRQHandler
                0x100016f0                TMR5_IRQHandler
                0x100016f2                RSV11_IRQHandler
                0x100016f4                RSV12_IRQHandler
                0x100016f6                I2C0_IRQHandler
                0x100016f8                UART0_IRQHandler
                0x100016fa                UART1_IRQHandler
                0x100016fc                SPI1_IRQHandler
                0x100016fe                RSV17_IRQHandler
                0x10001700                RSV18_IRQHandler
                0x10001702                RSV19_IRQHandler
                0x10001704                ADC_IRQHandler
                0x10001706                RSV21_IRQHandler
                0x10001708                RSV22_IRQHandler
                0x1000170a                FLC0_IRQHandler
                0x10001710                GPIO2_IRQHandler
                0x10001712                RSV27_IRQHandler
                0x10001714                DMA0_IRQHandler
                0x10001716                DMA1_IRQHandler
                0x10001718                DMA2_IRQHandler
                0x1000171a                DMA3_IRQHandler
                0x1000171c                RSV32_IRQHandler
                0x1000171e                RSV33_IRQHandler
                0x10001720                UART2_IRQHandler
                0x10001722                RSV35_IRQHandler
                0x10001724                I2C1_IRQHandler
                0x10001726                RSV37_IRQHandler
                0x10001728                RSV38_IRQHandler
                0x1000172a                RSV39_IRQHandler
                0x1000172c                RSV40_IRQHandler
                0x1000172e                RSV41_IRQHandler
                0x10001730                RSV42_IRQHandler
                0x10001732                RSV43_IRQHandler
                0x10001734                RSV44_IRQHandler
                0x10001736                RSV45_IRQHandler
                0x10001738                RSV46_IRQHandler
                0x1000173a                RSV47_IRQHandler
                0x1000173c                RSV48_IRQHandler
                0x1000173e                RSV49_IRQHandler
                0x10001740                RSV50_IRQHandler
                0x10001742                RSV51_IRQHandler
                0x10001744                RSV52_IRQHandler
                0x10001746                WUT_IRQHandler
                0x10001748                GPIOWAKE_IRQHandler
                0x1000174a                RSV55_IRQHandler
                0x1000174c                SPI0_IRQHandler
                0x1000174e                WDT1_IRQHandler
                0x10001750                RSV58_IRQHandler
                0x10001752                PT_IRQHandler
                0x10001754                RSV60_IRQHandler
                0x10001756                RSV61_IRQHandler
                0x10001758                I2C2_IRQHandler
                0x1000175a                RISCV_IRQHandler
                0x1000175c                RSV64_IRQHandler
                0x1000175e                RSV65_IRQHandler
                0x10001760                RSV66_IRQHandler
                0x10001762                OWM_IRQHandler
                0x10001764                RSV68_IRQHandler
                0x10001766                RSV69_IRQHandler
                0x10001768                RSV70_IRQHandler
                0x1000176a                RSV71_IRQHandler
                0x1000176c                RSV72_IRQHandler
                0x1000176e                RSV73_IRQHandler
                0x10001770                RSV74_IRQHandler
                0x10001772                RSV75_IRQHandler
                0x10001774                RSV76_IRQHandler
                0x10001776                RSV77_IRQHandler
                0x10001778                RSV78_IRQHandler
                0x1000177a                RSV79_IRQHandler
                0x1000177c                RSV80_IRQHandler
                0x1000177e                RSV81_IRQHandler
                0x10001780                ECC_IRQHandler
                0x10001782                DVS_IRQHandler
                0x10001784                SIMO_IRQHandler
                0x10001786                RSV85_IRQHandler
                0x10001788                RSV86_IRQHandler
                0x1000178a                RSV87_IRQHandler
                0x1000178c                UART3_IRQHandler
                0x1000178e                RSV89_IRQHandler
                0x10001790                RSV90_IRQHandler
                0x10001792                PCIF_IRQHandler
                0x10001794                RSV92_IRQHandler
                0x10001796                RSV93_IRQHandler
                0x10001798                RSV94_IRQHandler
                0x1000179a                RSV95_IRQHandler
                0x1000179c                RSV96_IRQHandler
                0x1000179e                AES_IRQHandler
                0x100017a0                RSV98_IRQHandler
                0x100017a2                I2S_IRQHandler
                0x100017a4                CNN_FIFO_IRQHandler
                0x100017a6                CNN_IRQHandler
                0x100017a8                RSV102_IRQHandler
                0x100017aa                LPCMP_IRQHandler
 .text._sbrk    0x100017d4       0x3c d:/home/eepw-digikey/2025-2/FTHR_I2C/build/heap.o
                0x100017d4                _sbrk
 .text._getpid  0x10001810        0x8 d:/home/eepw-digikey/2025-2/FTHR_I2C/build/system_max78000.o
                0x10001810                _getpid
 .text._kill    0x10001818        0x8 d:/home/eepw-digikey/2025-2/FTHR_I2C/build/system_max78000.o
                0x10001818                _kill
 .text.SystemCoreClockUpdate
                0x10001820       0x68 d:/home/eepw-digikey/2025-2/FTHR_I2C/build/system_max78000.o
                0x10001820                SystemCoreClockUpdate
 .text.PreInit  0x10001888        0x4 d:/home/eepw-digikey/2025-2/FTHR_I2C/build/system_max78000.o
                0x10001888                PreInit
 .text.PinInit  0x1000188c        0x4 d:/home/eepw-digikey/2025-2/FTHR_I2C/build/system_max78000.o
                0x1000188c                PinInit
 .text.SystemInit
                0x10001890       0x3c d:/home/eepw-digikey/2025-2/FTHR_I2C/build/system_max78000.o
                0x10001890                SystemInit
 .text.MXC_DelayInit
                0x100018cc       0x7c C:/MaximSDK/Libraries/PeriphDrivers/bin/MAX78000/spi-v1_softfp/libPeriphDriver_spi-v1_softfp.a(mxc_delay.o)
 .text.MXC_DelayAsync
                0x10001948       0x3c C:/MaximSDK/Libraries/PeriphDrivers/bin/MAX78000/spi-v1_softfp/libPeriphDriver_spi-v1_softfp.a(mxc_delay.o)
                0x10001948                MXC_DelayAsync
 .text.MXC_DelayCheck
                0x10001984       0x70 C:/MaximSDK/Libraries/PeriphDrivers/bin/MAX78000/spi-v1_softfp/libPeriphDriver_spi-v1_softfp.a(mxc_delay.o)
                0x10001984                MXC_DelayCheck
 .text.MXC_DelayAbort
                0x100019f4       0x34 C:/MaximSDK/Libraries/PeriphDrivers/bin/MAX78000/spi-v1_softfp/libPeriphDriver_spi-v1_softfp.a(mxc_delay.o)
                0x100019f4                MXC_DelayAbort
 .text.MXC_Delay
                0x10001a28       0x74 C:/MaximSDK/Libraries/PeriphDrivers/bin/MAX78000/spi-v1_softfp/libPeriphDriver_spi-v1_softfp.a(mxc_delay.o)
                0x10001a28                MXC_Delay
 .text.MXC_SYS_ClockDisable
                0x10001a9c       0x44 C:/MaximSDK/Libraries/PeriphDrivers/bin/MAX78000/spi-v1_softfp/libPeriphDriver_spi-v1_softfp.a(sys_ai85.o)
                0x10001a9c                MXC_SYS_ClockDisable
 .text.MXC_SYS_ClockEnable
                0x10001ae0       0x4c C:/MaximSDK/Libraries/PeriphDrivers/bin/MAX78000/spi-v1_softfp/libPeriphDriver_spi-v1_softfp.a(sys_ai85.o)
                0x10001ae0                MXC_SYS_ClockEnable
 .text.MXC_SYS_ClockSourceEnable
                0x10001b2c       0xf4 C:/MaximSDK/Libraries/PeriphDrivers/bin/MAX78000/spi-v1_softfp/libPeriphDriver_spi-v1_softfp.a(sys_ai85.o)
                0x10001b2c                MXC_SYS_ClockSourceEnable
 .text.MXC_SYS_Reset_Periph
                0x10001c20       0x50 C:/MaximSDK/Libraries/PeriphDrivers/bin/MAX78000/spi-v1_softfp/libPeriphDriver_spi-v1_softfp.a(sys_ai85.o)
                0x10001c20                MXC_SYS_Reset_Periph
 .text.MXC_DMA_DeInit
                0x10001c70        0xc C:/MaximSDK/Libraries/PeriphDrivers/bin/MAX78000/spi-v1_softfp/libPeriphDriver_spi-v1_softfp.a(dma_me17.o)
                0x10001c70                MXC_DMA_DeInit
 .text.MXC_DMA_ReleaseChannel
                0x10001c7c        0x4 C:/MaximSDK/Libraries/PeriphDrivers/bin/MAX78000/spi-v1_softfp/libPeriphDriver_spi-v1_softfp.a(dma_me17.o)
                0x10001c7c                MXC_DMA_ReleaseChannel
 .text.MXC_DMA_RevA_DeInit
                0x10001c80       0x3c C:/MaximSDK/Libraries/PeriphDrivers/bin/MAX78000/spi-v1_softfp/libPeriphDriver_spi-v1_softfp.a(dma_reva.o)
                0x10001c80                MXC_DMA_RevA_DeInit
 .text.MXC_DMA_RevA_ReleaseChannel
                0x10001cbc       0x48 C:/MaximSDK/Libraries/PeriphDrivers/bin/MAX78000/spi-v1_softfp/libPeriphDriver_spi-v1_softfp.a(dma_reva.o)
                0x10001cbc                MXC_DMA_RevA_ReleaseChannel
 .text.MXC_GPIO_Init
                0x10001d04       0x40 C:/MaximSDK/Libraries/PeriphDrivers/bin/MAX78000/spi-v1_softfp/libPeriphDriver_spi-v1_softfp.a(gpio_ai85.o)
                0x10001d04                MXC_GPIO_Init
 .text.MXC_GPIO_Config
                0x10001d44      0x234 C:/MaximSDK/Libraries/PeriphDrivers/bin/MAX78000/spi-v1_softfp/libPeriphDriver_spi-v1_softfp.a(gpio_ai85.o)
                0x10001d44                MXC_GPIO_Config
 .text.MXC_GPIO_InGet
                0x10001f78       0x34 C:/MaximSDK/Libraries/PeriphDrivers/bin/MAX78000/spi-v1_softfp/libPeriphDriver_spi-v1_softfp.a(gpio_ai85.o)
                0x10001f78                MXC_GPIO_InGet
 .text.MXC_GPIO_OutSet
                0x10001fac       0x30 C:/MaximSDK/Libraries/PeriphDrivers/bin/MAX78000/spi-v1_softfp/libPeriphDriver_spi-v1_softfp.a(gpio_ai85.o)
                0x10001fac                MXC_GPIO_OutSet
 .text.MXC_GPIO_Handler
                0x10001fdc        0x4 C:/MaximSDK/Libraries/PeriphDrivers/bin/MAX78000/spi-v1_softfp/libPeriphDriver_spi-v1_softfp.a(gpio_ai85.o)
                0x10001fdc                MXC_GPIO_Handler
 .text.MXC_GPIO_ClearFlags
                0x10001fe0       0x18 C:/MaximSDK/Libraries/PeriphDrivers/bin/MAX78000/spi-v1_softfp/libPeriphDriver_spi-v1_softfp.a(gpio_ai85.o)
                0x10001fe0                MXC_GPIO_ClearFlags
 .text.MXC_GPIO_GetFlags
                0x10001ff8       0x18 C:/MaximSDK/Libraries/PeriphDrivers/bin/MAX78000/spi-v1_softfp/libPeriphDriver_spi-v1_softfp.a(gpio_ai85.o)
                0x10001ff8                MXC_GPIO_GetFlags
 .text.MXC_GPIO_GetConfigLock
                0x10002010        0x4 C:/MaximSDK/Libraries/PeriphDrivers/bin/MAX78000/spi-v1_softfp/libPeriphDriver_spi-v1_softfp.a(gpio_ai85.o)
                0x10002010                MXC_GPIO_GetConfigLock
 .text.MXC_GPIO_RevA_InGet
                0x10002014        0x8 C:/MaximSDK/Libraries/PeriphDrivers/bin/MAX78000/spi-v1_softfp/libPeriphDriver_spi-v1_softfp.a(gpio_reva.o)
                0x10002014                MXC_GPIO_RevA_InGet
 .text.MXC_GPIO_RevA_OutSet
                0x1000201c        0x4 C:/MaximSDK/Libraries/PeriphDrivers/bin/MAX78000/spi-v1_softfp/libPeriphDriver_spi-v1_softfp.a(gpio_reva.o)
                0x1000201c                MXC_GPIO_RevA_OutSet
 .text.MXC_GPIO_RevA_ClearFlags
                0x10002020        0x4 C:/MaximSDK/Libraries/PeriphDrivers/bin/MAX78000/spi-v1_softfp/libPeriphDriver_spi-v1_softfp.a(gpio_reva.o)
                0x10002020                MXC_GPIO_RevA_ClearFlags
 .text.MXC_GPIO_RevA_GetFlags
                0x10002024        0x4 C:/MaximSDK/Libraries/PeriphDrivers/bin/MAX78000/spi-v1_softfp/libPeriphDriver_spi-v1_softfp.a(gpio_reva.o)
                0x10002024                MXC_GPIO_RevA_GetFlags
 .text.MXC_GPIO_RevA_SetVSSEL
                0x10002028       0x40 C:/MaximSDK/Libraries/PeriphDrivers/bin/MAX78000/spi-v1_softfp/libPeriphDriver_spi-v1_softfp.a(gpio_reva.o)
                0x10002028                MXC_GPIO_RevA_SetVSSEL
 .text.MXC_GPIO_RevA_SetAF
                0x10002068       0x7c C:/MaximSDK/Libraries/PeriphDrivers/bin/MAX78000/spi-v1_softfp/libPeriphDriver_spi-v1_softfp.a(gpio_reva.o)
                0x10002068                MXC_GPIO_RevA_SetAF
 .text.MXC_GPIO_RevA_SetDriveStrength
                0x100020e4       0xa0 C:/MaximSDK/Libraries/PeriphDrivers/bin/MAX78000/spi-v1_softfp/libPeriphDriver_spi-v1_softfp.a(gpio_reva.o)
                0x100020e4                MXC_GPIO_RevA_SetDriveStrength
 .text.MXC_I2C_SetSlaveAddr
                0x10002184        0xc C:/MaximSDK/Libraries/PeriphDrivers/bin/MAX78000/spi-v1_softfp/libPeriphDriver_spi-v1_softfp.a(i2c_me17.o)
                0x10002184                MXC_I2C_SetSlaveAddr
 .text.MXC_I2C_Shutdown
                0x10002190       0x6c C:/MaximSDK/Libraries/PeriphDrivers/bin/MAX78000/spi-v1_softfp/libPeriphDriver_spi-v1_softfp.a(i2c_me17.o)
                0x10002190                MXC_I2C_Shutdown
 .text.MXC_I2C_Init
                0x100021fc       0x94 C:/MaximSDK/Libraries/PeriphDrivers/bin/MAX78000/spi-v1_softfp/libPeriphDriver_spi-v1_softfp.a(i2c_me17.o)
                0x100021fc                MXC_I2C_Init
 .text.MXC_I2C_SetFrequency
                0x10002290        0x4 C:/MaximSDK/Libraries/PeriphDrivers/bin/MAX78000/spi-v1_softfp/libPeriphDriver_spi-v1_softfp.a(i2c_me17.o)
                0x10002290                MXC_I2C_SetFrequency
 .text.MXC_I2C_GetFrequency
                0x10002294        0x4 C:/MaximSDK/Libraries/PeriphDrivers/bin/MAX78000/spi-v1_softfp/libPeriphDriver_spi-v1_softfp.a(i2c_me17.o)
                0x10002294                MXC_I2C_GetFrequency
 .text.MXC_I2C_Start
                0x10002298        0x4 C:/MaximSDK/Libraries/PeriphDrivers/bin/MAX78000/spi-v1_softfp/libPeriphDriver_spi-v1_softfp.a(i2c_me17.o)
                0x10002298                MXC_I2C_Start
 .text.MXC_I2C_Stop
                0x1000229c        0x4 C:/MaximSDK/Libraries/PeriphDrivers/bin/MAX78000/spi-v1_softfp/libPeriphDriver_spi-v1_softfp.a(i2c_me17.o)
                0x1000229c                MXC_I2C_Stop
 .text.MXC_I2C_ReadRXFIFO
                0x100022a0        0x4 C:/MaximSDK/Libraries/PeriphDrivers/bin/MAX78000/spi-v1_softfp/libPeriphDriver_spi-v1_softfp.a(i2c_me17.o)
                0x100022a0                MXC_I2C_ReadRXFIFO
 .text.MXC_I2C_WriteTXFIFO
                0x100022a4        0x4 C:/MaximSDK/Libraries/PeriphDrivers/bin/MAX78000/spi-v1_softfp/libPeriphDriver_spi-v1_softfp.a(i2c_me17.o)
                0x100022a4                MXC_I2C_WriteTXFIFO
 .text.MXC_I2C_ClearRXFIFO
                0x100022a8        0x4 C:/MaximSDK/Libraries/PeriphDrivers/bin/MAX78000/spi-v1_softfp/libPeriphDriver_spi-v1_softfp.a(i2c_me17.o)
                0x100022a8                MXC_I2C_ClearRXFIFO
 .text.MXC_I2C_ClearTXFIFO
                0x100022ac        0x4 C:/MaximSDK/Libraries/PeriphDrivers/bin/MAX78000/spi-v1_softfp/libPeriphDriver_spi-v1_softfp.a(i2c_me17.o)
                0x100022ac                MXC_I2C_ClearTXFIFO
 .text.MXC_I2C_ClearFlags
                0x100022b0        0x4 C:/MaximSDK/Libraries/PeriphDrivers/bin/MAX78000/spi-v1_softfp/libPeriphDriver_spi-v1_softfp.a(i2c_me17.o)
                0x100022b0                MXC_I2C_ClearFlags
 .text.MXC_I2C_Recover
                0x100022b4        0x4 C:/MaximSDK/Libraries/PeriphDrivers/bin/MAX78000/spi-v1_softfp/libPeriphDriver_spi-v1_softfp.a(i2c_me17.o)
                0x100022b4                MXC_I2C_Recover
 .text.MXC_I2C_MasterTransaction
                0x100022b8        0x4 C:/MaximSDK/Libraries/PeriphDrivers/bin/MAX78000/spi-v1_softfp/libPeriphDriver_spi-v1_softfp.a(i2c_me17.o)
                0x100022b8                MXC_I2C_MasterTransaction
 .text.MXC_I2C_SetRXThreshold
                0x100022bc        0x4 C:/MaximSDK/Libraries/PeriphDrivers/bin/MAX78000/spi-v1_softfp/libPeriphDriver_spi-v1_softfp.a(i2c_me17.o)
                0x100022bc                MXC_I2C_SetRXThreshold
 .text.MXC_I2C_SetTXThreshold
                0x100022c0        0x4 C:/MaximSDK/Libraries/PeriphDrivers/bin/MAX78000/spi-v1_softfp/libPeriphDriver_spi-v1_softfp.a(i2c_me17.o)
                0x100022c0                MXC_I2C_SetTXThreshold
 .text.MXC_I2C_RevA_Init
                0x100022c4      0x104 C:/MaximSDK/Libraries/PeriphDrivers/bin/MAX78000/spi-v1_softfp/libPeriphDriver_spi-v1_softfp.a(i2c_reva.o)
                0x100022c4                MXC_I2C_RevA_Init
 .text.MXC_I2C_RevA_SetSlaveAddr
                0x100023c8       0x3c C:/MaximSDK/Libraries/PeriphDrivers/bin/MAX78000/spi-v1_softfp/libPeriphDriver_spi-v1_softfp.a(i2c_reva.o)
                0x100023c8                MXC_I2C_RevA_SetSlaveAddr
 .text.MXC_I2C_RevA_Shutdown
                0x10002404       0xac C:/MaximSDK/Libraries/PeriphDrivers/bin/MAX78000/spi-v1_softfp/libPeriphDriver_spi-v1_softfp.a(i2c_reva.o)
                0x10002404                MXC_I2C_RevA_Shutdown
 .text.MXC_I2C_RevA_SetFrequency
                0x100024b0       0xc0 C:/MaximSDK/Libraries/PeriphDrivers/bin/MAX78000/spi-v1_softfp/libPeriphDriver_spi-v1_softfp.a(i2c_reva.o)
                0x100024b0                MXC_I2C_RevA_SetFrequency
 .text.MXC_I2C_RevA_GetFrequency
                0x10002570       0x38 C:/MaximSDK/Libraries/PeriphDrivers/bin/MAX78000/spi-v1_softfp/libPeriphDriver_spi-v1_softfp.a(i2c_reva.o)
                0x10002570                MXC_I2C_RevA_GetFrequency
 .text.MXC_I2C_RevA_Start
                0x100025a8       0x24 C:/MaximSDK/Libraries/PeriphDrivers/bin/MAX78000/spi-v1_softfp/libPeriphDriver_spi-v1_softfp.a(i2c_reva.o)
                0x100025a8                MXC_I2C_RevA_Start
 .text.MXC_I2C_RevA_Stop
                0x100025cc       0x1c C:/MaximSDK/Libraries/PeriphDrivers/bin/MAX78000/spi-v1_softfp/libPeriphDriver_spi-v1_softfp.a(i2c_reva.o)
                0x100025cc                MXC_I2C_RevA_Stop
 .text.MXC_I2C_RevA_ReadRXFIFO
                0x100025e8       0x30 C:/MaximSDK/Libraries/PeriphDrivers/bin/MAX78000/spi-v1_softfp/libPeriphDriver_spi-v1_softfp.a(i2c_reva.o)
                0x100025e8                MXC_I2C_RevA_ReadRXFIFO
 .text.MXC_I2C_RevA_WriteTXFIFO
                0x10002618       0x30 C:/MaximSDK/Libraries/PeriphDrivers/bin/MAX78000/spi-v1_softfp/libPeriphDriver_spi-v1_softfp.a(i2c_reva.o)
                0x10002618                MXC_I2C_RevA_WriteTXFIFO
 .text.MXC_I2C_RevA_ClearRXFIFO
                0x10002648       0x10 C:/MaximSDK/Libraries/PeriphDrivers/bin/MAX78000/spi-v1_softfp/libPeriphDriver_spi-v1_softfp.a(i2c_reva.o)
                0x10002648                MXC_I2C_RevA_ClearRXFIFO
 .text.MXC_I2C_RevA_ClearTXFIFO
                0x10002658       0x10 C:/MaximSDK/Libraries/PeriphDrivers/bin/MAX78000/spi-v1_softfp/libPeriphDriver_spi-v1_softfp.a(i2c_reva.o)
                0x10002658                MXC_I2C_RevA_ClearTXFIFO
 .text.MXC_I2C_RevA_ClearFlags
                0x10002668        0x8 C:/MaximSDK/Libraries/PeriphDrivers/bin/MAX78000/spi-v1_softfp/libPeriphDriver_spi-v1_softfp.a(i2c_reva.o)
                0x10002668                MXC_I2C_RevA_ClearFlags
 .text.MXC_I2C_RevA_Recover
                0x10002670       0xd8 C:/MaximSDK/Libraries/PeriphDrivers/bin/MAX78000/spi-v1_softfp/libPeriphDriver_spi-v1_softfp.a(i2c_reva.o)
                0x10002670                MXC_I2C_RevA_Recover
 .text.MXC_I2C_RevA_MasterTransaction
                0x10002748      0x1bc C:/MaximSDK/Libraries/PeriphDrivers/bin/MAX78000/spi-v1_softfp/libPeriphDriver_spi-v1_softfp.a(i2c_reva.o)
                0x10002748                MXC_I2C_RevA_MasterTransaction
 .text.MXC_I2C_RevA_SetRXThreshold
                0x10002904       0x20 C:/MaximSDK/Libraries/PeriphDrivers/bin/MAX78000/spi-v1_softfp/libPeriphDriver_spi-v1_softfp.a(i2c_reva.o)
                0x10002904                MXC_I2C_RevA_SetRXThreshold
 .text.MXC_I2C_RevA_SetTXThreshold
                0x10002924       0x24 C:/MaximSDK/Libraries/PeriphDrivers/bin/MAX78000/spi-v1_softfp/libPeriphDriver_spi-v1_softfp.a(i2c_reva.o)
                0x10002924                MXC_I2C_RevA_SetTXThreshold
 .text.MXC_ICC_Enable
                0x10002948        0x4 C:/MaximSDK/Libraries/PeriphDrivers/bin/MAX78000/spi-v1_softfp/libPeriphDriver_spi-v1_softfp.a(icc_me17.o)
                0x10002948                MXC_ICC_Enable
 .text.MXC_ICC_RevA_Enable
                0x1000294c       0x30 C:/MaximSDK/Libraries/PeriphDrivers/bin/MAX78000/spi-v1_softfp/libPeriphDriver_spi-v1_softfp.a(icc_reva.o)
                0x1000294c                MXC_ICC_RevA_Enable
 .text.MXC_RTC_Start
                0x1000297c        0xc C:/MaximSDK/Libraries/PeriphDrivers/bin/MAX78000/spi-v1_softfp/libPeriphDriver_spi-v1_softfp.a(rtc_me17.o)
                0x1000297c                MXC_RTC_Start
 .text.MXC_RTC_GetSeconds
                0x10002988       0x1c C:/MaximSDK/Libraries/PeriphDrivers/bin/MAX78000/spi-v1_softfp/libPeriphDriver_spi-v1_softfp.a(rtc_me17.o)
                0x10002988                MXC_RTC_GetSeconds
 .text.MXC_RTC_RevA_Start
                0x100029a4       0x40 C:/MaximSDK/Libraries/PeriphDrivers/bin/MAX78000/spi-v1_softfp/libPeriphDriver_spi-v1_softfp.a(rtc_reva.o)
                0x100029a4                MXC_RTC_RevA_Start
 .text.MXC_RTC_RevA_GetSeconds
                0x100029e4       0x24 C:/MaximSDK/Libraries/PeriphDrivers/bin/MAX78000/spi-v1_softfp/libPeriphDriver_spi-v1_softfp.a(rtc_reva.o)
                0x100029e4                MXC_RTC_RevA_GetSeconds
 .text.MXC_UART_Shutdown
                0x10002a08       0x70 C:/MaximSDK/Libraries/PeriphDrivers/bin/MAX78000/spi-v1_softfp/libPeriphDriver_spi-v1_softfp.a(uart_ai85.o)
                0x10002a08                MXC_UART_Shutdown
 .text.MXC_UART_SetFrequency
                0x10002a78       0x90 C:/MaximSDK/Libraries/PeriphDrivers/bin/MAX78000/spi-v1_softfp/libPeriphDriver_spi-v1_softfp.a(uart_ai85.o)
                0x10002a78                MXC_UART_SetFrequency
 .text.MXC_UART_SetDataSize
                0x10002b08        0x4 C:/MaximSDK/Libraries/PeriphDrivers/bin/MAX78000/spi-v1_softfp/libPeriphDriver_spi-v1_softfp.a(uart_ai85.o)
                0x10002b08                MXC_UART_SetDataSize
 .text.MXC_UART_SetStopBits
                0x10002b0c        0x4 C:/MaximSDK/Libraries/PeriphDrivers/bin/MAX78000/spi-v1_softfp/libPeriphDriver_spi-v1_softfp.a(uart_ai85.o)
                0x10002b0c                MXC_UART_SetStopBits
 .text.MXC_UART_SetParity
                0x10002b10        0x4 C:/MaximSDK/Libraries/PeriphDrivers/bin/MAX78000/spi-v1_softfp/libPeriphDriver_spi-v1_softfp.a(uart_ai85.o)
                0x10002b10                MXC_UART_SetParity
 .text.MXC_UART_SetClockSource
                0x10002b14       0x60 C:/MaximSDK/Libraries/PeriphDrivers/bin/MAX78000/spi-v1_softfp/libPeriphDriver_spi-v1_softfp.a(uart_ai85.o)
                0x10002b14                MXC_UART_SetClockSource
 .text.MXC_UART_GetClockSource
                0x10002b74       0x4c C:/MaximSDK/Libraries/PeriphDrivers/bin/MAX78000/spi-v1_softfp/libPeriphDriver_spi-v1_softfp.a(uart_ai85.o)
                0x10002b74                MXC_UART_GetClockSource
 .text.MXC_UART_Init
                0x10002bc0       0xa0 C:/MaximSDK/Libraries/PeriphDrivers/bin/MAX78000/spi-v1_softfp/libPeriphDriver_spi-v1_softfp.a(uart_ai85.o)
                0x10002bc0                MXC_UART_Init
 .text.MXC_UART_ReadCharacterRaw
                0x10002c60        0x4 C:/MaximSDK/Libraries/PeriphDrivers/bin/MAX78000/spi-v1_softfp/libPeriphDriver_spi-v1_softfp.a(uart_ai85.o)
                0x10002c60                MXC_UART_ReadCharacterRaw
 .text.MXC_UART_WriteCharacterRaw
                0x10002c64        0x4 C:/MaximSDK/Libraries/PeriphDrivers/bin/MAX78000/spi-v1_softfp/libPeriphDriver_spi-v1_softfp.a(uart_ai85.o)
                0x10002c64                MXC_UART_WriteCharacterRaw
 .text.MXC_UART_ReadCharacter
                0x10002c68        0x4 C:/MaximSDK/Libraries/PeriphDrivers/bin/MAX78000/spi-v1_softfp/libPeriphDriver_spi-v1_softfp.a(uart_ai85.o)
                0x10002c68                MXC_UART_ReadCharacter
 .text.MXC_UART_WriteCharacter
                0x10002c6c        0x4 C:/MaximSDK/Libraries/PeriphDrivers/bin/MAX78000/spi-v1_softfp/libPeriphDriver_spi-v1_softfp.a(uart_ai85.o)
                0x10002c6c                MXC_UART_WriteCharacter
 .text.MXC_UART_GetRXFIFOAvailable
                0x10002c70        0x4 C:/MaximSDK/Libraries/PeriphDrivers/bin/MAX78000/spi-v1_softfp/libPeriphDriver_spi-v1_softfp.a(uart_ai85.o)
                0x10002c70                MXC_UART_GetRXFIFOAvailable
 .text.MXC_UART_GetTXFIFOAvailable
                0x10002c74        0x4 C:/MaximSDK/Libraries/PeriphDrivers/bin/MAX78000/spi-v1_softfp/libPeriphDriver_spi-v1_softfp.a(uart_ai85.o)
                0x10002c74                MXC_UART_GetTXFIFOAvailable
 .text.MXC_UART_SetRXThreshold
                0x10002c78        0x4 C:/MaximSDK/Libraries/PeriphDrivers/bin/MAX78000/spi-v1_softfp/libPeriphDriver_spi-v1_softfp.a(uart_ai85.o)
                0x10002c78                MXC_UART_SetRXThreshold
 .text.MXC_UART_Common_ReadCharacter
                0x10002c7c       0x18 C:/MaximSDK/Libraries/PeriphDrivers/bin/MAX78000/spi-v1_softfp/libPeriphDriver_spi-v1_softfp.a(uart_common.o)
                0x10002c7c                MXC_UART_Common_ReadCharacter
 .text.MXC_UART_Common_WriteCharacter
                0x10002c94       0x1c C:/MaximSDK/Libraries/PeriphDrivers/bin/MAX78000/spi-v1_softfp/libPeriphDriver_spi-v1_softfp.a(uart_common.o)
                0x10002c94                MXC_UART_Common_WriteCharacter
 .text.MXC_UART_RevB_Init
                0x10002cb0       0xe0 C:/MaximSDK/Libraries/PeriphDrivers/bin/MAX78000/spi-v1_softfp/libPeriphDriver_spi-v1_softfp.a(uart_revb.o)
                0x10002cb0                MXC_UART_RevB_Init
 .text.MXC_UART_RevB_SetFrequency
                0x10002d90       0x1c C:/MaximSDK/Libraries/PeriphDrivers/bin/MAX78000/spi-v1_softfp/libPeriphDriver_spi-v1_softfp.a(uart_revb.o)
                0x10002d90                MXC_UART_RevB_SetFrequency
 .text.MXC_UART_RevB_SetDataSize
                0x10002dac       0x20 C:/MaximSDK/Libraries/PeriphDrivers/bin/MAX78000/spi-v1_softfp/libPeriphDriver_spi-v1_softfp.a(uart_revb.o)
                0x10002dac                MXC_UART_RevB_SetDataSize
 .text.MXC_UART_RevB_SetStopBits
                0x10002dcc       0x28 C:/MaximSDK/Libraries/PeriphDrivers/bin/MAX78000/spi-v1_softfp/libPeriphDriver_spi-v1_softfp.a(uart_revb.o)
                0x10002dcc                MXC_UART_RevB_SetStopBits
 .text.MXC_UART_RevB_SetParity
                0x10002df4       0x94 C:/MaximSDK/Libraries/PeriphDrivers/bin/MAX78000/spi-v1_softfp/libPeriphDriver_spi-v1_softfp.a(uart_revb.o)
                0x10002df4                MXC_UART_RevB_SetParity
 .text.MXC_UART_RevB_SetClockSource
                0x10002e88       0xa8 C:/MaximSDK/Libraries/PeriphDrivers/bin/MAX78000/spi-v1_softfp/libPeriphDriver_spi-v1_softfp.a(uart_revb.o)
                0x10002e88                MXC_UART_RevB_SetClockSource
 .text.MXC_UART_RevB_GetClockSource
                0x10002f30        0x8 C:/MaximSDK/Libraries/PeriphDrivers/bin/MAX78000/spi-v1_softfp/libPeriphDriver_spi-v1_softfp.a(uart_revb.o)
                0x10002f30                MXC_UART_RevB_GetClockSource
 .text.MXC_UART_RevB_ReadCharacterRaw
                0x10002f38       0x10 C:/MaximSDK/Libraries/PeriphDrivers/bin/MAX78000/spi-v1_softfp/libPeriphDriver_spi-v1_softfp.a(uart_revb.o)
                0x10002f38                MXC_UART_RevB_ReadCharacterRaw
 .text.MXC_UART_RevB_WriteCharacterRaw
                0x10002f48       0x14 C:/MaximSDK/Libraries/PeriphDrivers/bin/MAX78000/spi-v1_softfp/libPeriphDriver_spi-v1_softfp.a(uart_revb.o)
                0x10002f48                MXC_UART_RevB_WriteCharacterRaw
 .text.MXC_UART_RevB_GetRXFIFOAvailable
                0x10002f5c        0x8 C:/MaximSDK/Libraries/PeriphDrivers/bin/MAX78000/spi-v1_softfp/libPeriphDriver_spi-v1_softfp.a(uart_revb.o)
                0x10002f5c                MXC_UART_RevB_GetRXFIFOAvailable
 .text.MXC_UART_RevB_GetTXFIFOAvailable
                0x10002f64        0xc C:/MaximSDK/Libraries/PeriphDrivers/bin/MAX78000/spi-v1_softfp/libPeriphDriver_spi-v1_softfp.a(uart_revb.o)
                0x10002f64                MXC_UART_RevB_GetTXFIFOAvailable
 .text.MXC_UART_RevB_SetRXThreshold
                0x10002f70       0x1c C:/MaximSDK/Libraries/PeriphDrivers/bin/MAX78000/spi-v1_softfp/libPeriphDriver_spi-v1_softfp.a(uart_revb.o)
                0x10002f70                MXC_UART_RevB_SetRXThreshold
 .text.MXC_GetLock
                0x10002f8c       0x1c C:/MaximSDK/Libraries/PeriphDrivers/bin/MAX78000/spi-v1_softfp/libPeriphDriver_spi-v1_softfp.a(mxc_lock.o)
                0x10002f8c                MXC_GetLock
 .text.MXC_FreeLock
                0x10002fa8        0xc C:/MaximSDK/Libraries/PeriphDrivers/bin/MAX78000/spi-v1_softfp/libPeriphDriver_spi-v1_softfp.a(mxc_lock.o)
                0x10002fa8                MXC_FreeLock
 .text.MXC_GPIO_Common_Init
                0x10002fb4       0x24 C:/MaximSDK/Libraries/PeriphDrivers/bin/MAX78000/spi-v1_softfp/libPeriphDriver_spi-v1_softfp.a(gpio_common.o)
                0x10002fb4                MXC_GPIO_Common_Init
 .text.MXC_GPIO_Common_Handler
                0x10002fd8       0x88 C:/MaximSDK/Libraries/PeriphDrivers/bin/MAX78000/spi-v1_softfp/libPeriphDriver_spi-v1_softfp.a(gpio_common.o)
                0x10002fd8                MXC_GPIO_Common_Handler
 .text.MXC_GPIO_Common_GetConfigLock
                0x10003060        0xc C:/MaximSDK/Libraries/PeriphDrivers/bin/MAX78000/spi-v1_softfp/libPeriphDriver_spi-v1_softfp.a(gpio_common.o)
                0x10003060                MXC_GPIO_Common_GetConfigLock
 .text.__errno  0x1000306c        0xc c:/maximsdk/tools/gnutools/10.3/bin/../lib/gcc/arm-none-eabi/10.3.1/../../../../arm-none-eabi/lib/thumb/v7e-m+fp/softfp\libc.a(lib_a-errno.o)
                0x1000306c                __errno
 .text.__libc_init_array
                0x10003078       0x48 c:/maximsdk/tools/gnutools/10.3/bin/../lib/gcc/arm-none-eabi/10.3.1/../../../../arm-none-eabi/lib/thumb/v7e-m+fp/softfp\libc.a(lib_a-init.o)
                0x10003078                __libc_init_array
 .text.malloc   0x100030c0       0x10 c:/maximsdk/tools/gnutools/10.3/bin/../lib/gcc/arm-none-eabi/10.3.1/../../../../arm-none-eabi/lib/thumb/v7e-m+fp/softfp\libc.a(lib_a-malloc.o)
                0x100030c0                malloc
 .text._malloc_r
                0x100030d0      0x560 c:/maximsdk/tools/gnutools/10.3/bin/../lib/gcc/arm-none-eabi/10.3.1/../../../../arm-none-eabi/lib/thumb/v7e-m+fp/softfp\libc.a(lib_a-mallocr.o)
                0x100030d0                _malloc_r
 .text          0x10003630      0x134 c:/maximsdk/tools/gnutools/10.3/bin/../lib/gcc/arm-none-eabi/10.3.1/../../../../arm-none-eabi/lib/thumb/v7e-m+fp/softfp\libc.a(lib_a-memcpy.o)
                0x10003630                memcpy
 .text.memmove  0x10003764       0xf8 c:/maximsdk/tools/gnutools/10.3/bin/../lib/gcc/arm-none-eabi/10.3.1/../../../../arm-none-eabi/lib/thumb/v7e-m+fp/softfp\libc.a(lib_a-memmove.o)
                0x10003764                memmove
 .text.memset   0x1000385c       0xa4 c:/maximsdk/tools/gnutools/10.3/bin/../lib/gcc/arm-none-eabi/10.3.1/../../../../arm-none-eabi/lib/thumb/v7e-m+fp/softfp\libc.a(lib_a-memset.o)
                0x1000385c                memset
 .text.__malloc_lock
                0x10003900        0xc c:/maximsdk/tools/gnutools/10.3/bin/../lib/gcc/arm-none-eabi/10.3.1/../../../../arm-none-eabi/lib/thumb/v7e-m+fp/softfp\libc.a(lib_a-mlock.o)
                0x10003900                __malloc_lock
 .text.__malloc_unlock
                0x1000390c        0xc c:/maximsdk/tools/gnutools/10.3/bin/../lib/gcc/arm-none-eabi/10.3.1/../../../../arm-none-eabi/lib/thumb/v7e-m+fp/softfp\libc.a(lib_a-mlock.o)
                0x1000390c                __malloc_unlock
 .text.printf   0x10003918       0x28 c:/maximsdk/tools/gnutools/10.3/bin/../lib/gcc/arm-none-eabi/10.3.1/../../../../arm-none-eabi/lib/thumb/v7e-m+fp/softfp\libc.a(lib_a-printf.o)
                0x10003918                printf
 .text._puts_r  0x10003940       0x9c c:/maximsdk/tools/gnutools/10.3/bin/../lib/gcc/arm-none-eabi/10.3.1/../../../../arm-none-eabi/lib/thumb/v7e-m+fp/softfp\libc.a(lib_a-puts.o)
                0x10003940                _puts_r
 .text.puts     0x100039dc       0x10 c:/maximsdk/tools/gnutools/10.3/bin/../lib/gcc/arm-none-eabi/10.3.1/../../../../arm-none-eabi/lib/thumb/v7e-m+fp/softfp\libc.a(lib_a-puts.o)
                0x100039dc                puts
 .text._sbrk_r  0x100039ec       0x24 c:/maximsdk/tools/gnutools/10.3/bin/../lib/gcc/arm-none-eabi/10.3.1/../../../../arm-none-eabi/lib/thumb/v7e-m+fp/softfp\libc.a(lib_a-sbrkr.o)
                0x100039ec                _sbrk_r
 .text.sprintf  0x10003a10       0x40 c:/maximsdk/tools/gnutools/10.3/bin/../lib/gcc/arm-none-eabi/10.3.1/../../../../arm-none-eabi/lib/thumb/v7e-m+fp/softfp\libc.a(lib_a-sprintf.o)
                0x10003a10                sprintf
 *fill*         0x10003a50       0x30 
 .text          0x10003a80       0xdc c:/maximsdk/tools/gnutools/10.3/bin/../lib/gcc/arm-none-eabi/10.3.1/../../../../arm-none-eabi/lib/thumb/v7e-m+fp/softfp\libc.a(lib_a-strlen.o)
                0x10003a80                strlen
 *fill*         0x10003b5c        0x4 
 .text._svfprintf_r
                0x10003b60     0x1ac8 c:/maximsdk/tools/gnutools/10.3/bin/../lib/gcc/arm-none-eabi/10.3.1/../../../../arm-none-eabi/lib/thumb/v7e-m+fp/softfp\libc.a(lib_a-svfprintf.o)
                0x10003b60                _svfprintf_r
 .text._vfprintf_r
                0x10005628     0x1b8c c:/maximsdk/tools/gnutools/10.3/bin/../lib/gcc/arm-none-eabi/10.3.1/../../../../arm-none-eabi/lib/thumb/v7e-m+fp/softfp\libc.a(lib_a-vfprintf.o)
                0x10005628                _vfprintf_r
 .text.__sbprintf
                0x100071b4       0x80 c:/maximsdk/tools/gnutools/10.3/bin/../lib/gcc/arm-none-eabi/10.3.1/../../../../arm-none-eabi/lib/thumb/v7e-m+fp/softfp\libc.a(lib_a-vfprintf.o)
 .text.__swsetup_r
                0x10007234       0xd4 c:/maximsdk/tools/gnutools/10.3/bin/../lib/gcc/arm-none-eabi/10.3.1/../../../../arm-none-eabi/lib/thumb/v7e-m+fp/softfp\libc.a(lib_a-wsetup.o)
                0x10007234                __swsetup_r
 .text.startup.register_fini
                0x10007308       0x14 c:/maximsdk/tools/gnutools/10.3/bin/../lib/gcc/arm-none-eabi/10.3.1/../../../../arm-none-eabi/lib/thumb/v7e-m+fp/softfp\libc.a(lib_a-__call_atexit.o)
 .text.atexit   0x1000731c        0xc c:/maximsdk/tools/gnutools/10.3/bin/../lib/gcc/arm-none-eabi/10.3.1/../../../../arm-none-eabi/lib/thumb/v7e-m+fp/softfp\libc.a(lib_a-atexit.o)
                0x1000731c                atexit
 .text.quorem   0x10007328      0x128 c:/maximsdk/tools/gnutools/10.3/bin/../lib/gcc/arm-none-eabi/10.3.1/../../../../arm-none-eabi/lib/thumb/v7e-m+fp/softfp\libc.a(lib_a-dtoa.o)
 .text._dtoa_r  0x10007450      0xf34 c:/maximsdk/tools/gnutools/10.3/bin/../lib/gcc/arm-none-eabi/10.3.1/../../../../arm-none-eabi/lib/thumb/v7e-m+fp/softfp\libc.a(lib_a-dtoa.o)
                0x10007450                _dtoa_r
 .text.__sflush_r
                0x10008384      0x130 c:/maximsdk/tools/gnutools/10.3/bin/../lib/gcc/arm-none-eabi/10.3.1/../../../../arm-none-eabi/lib/thumb/v7e-m+fp/softfp\libc.a(lib_a-fflush.o)
                0x10008384                __sflush_r
 .text._fflush_r
                0x100084b4       0x5c c:/maximsdk/tools/gnutools/10.3/bin/../lib/gcc/arm-none-eabi/10.3.1/../../../../arm-none-eabi/lib/thumb/v7e-m+fp/softfp\libc.a(lib_a-fflush.o)
                0x100084b4                _fflush_r
 .text._cleanup_r
                0x10008510        0xc c:/maximsdk/tools/gnutools/10.3/bin/../lib/gcc/arm-none-eabi/10.3.1/../../../../arm-none-eabi/lib/thumb/v7e-m+fp/softfp\libc.a(lib_a-findfp.o)
                0x10008510                _cleanup_r
 .text.__sinit  0x1000851c      0x10c c:/maximsdk/tools/gnutools/10.3/bin/../lib/gcc/arm-none-eabi/10.3.1/../../../../arm-none-eabi/lib/thumb/v7e-m+fp/softfp\libc.a(lib_a-findfp.o)
                0x1000851c                __sinit
 .text.__sfp_lock_acquire
                0x10008628        0xc c:/maximsdk/tools/gnutools/10.3/bin/../lib/gcc/arm-none-eabi/10.3.1/../../../../arm-none-eabi/lib/thumb/v7e-m+fp/softfp\libc.a(lib_a-findfp.o)
                0x10008628                __sfp_lock_acquire
 .text.__sfp_lock_release
                0x10008634        0xc c:/maximsdk/tools/gnutools/10.3/bin/../lib/gcc/arm-none-eabi/10.3.1/../../../../arm-none-eabi/lib/thumb/v7e-m+fp/softfp\libc.a(lib_a-findfp.o)
                0x10008634                __sfp_lock_release
 .text.__libc_fini_array
                0x10008640       0x2c c:/maximsdk/tools/gnutools/10.3/bin/../lib/gcc/arm-none-eabi/10.3.1/../../../../arm-none-eabi/lib/thumb/v7e-m+fp/softfp\libc.a(lib_a-fini.o)
                0x10008640                __libc_fini_array
 .text._malloc_trim_r
                0x1000866c       0xa0 c:/maximsdk/tools/gnutools/10.3/bin/../lib/gcc/arm-none-eabi/10.3.1/../../../../arm-none-eabi/lib/thumb/v7e-m+fp/softfp\libc.a(lib_a-freer.o)
                0x1000866c                _malloc_trim_r
 .text._free_r  0x1000870c      0x20c c:/maximsdk/tools/gnutools/10.3/bin/../lib/gcc/arm-none-eabi/10.3.1/../../../../arm-none-eabi/lib/thumb/v7e-m+fp/softfp\libc.a(lib_a-freer.o)
                0x1000870c                _free_r
 .text.__sfvwrite_r
                0x10008918      0x2f0 c:/maximsdk/tools/gnutools/10.3/bin/../lib/gcc/arm-none-eabi/10.3.1/../../../../arm-none-eabi/lib/thumb/v7e-m+fp/softfp\libc.a(lib_a-fvwrite.o)
                0x10008918                __sfvwrite_r
 .text._fwalk_reent
                0x10008c08       0x48 c:/maximsdk/tools/gnutools/10.3/bin/../lib/gcc/arm-none-eabi/10.3.1/../../../../arm-none-eabi/lib/thumb/v7e-m+fp/softfp\libc.a(lib_a-fwalk.o)
                0x10008c08                _fwalk_reent
 .text._localeconv_r
                0x10008c50        0x8 c:/maximsdk/tools/gnutools/10.3/bin/../lib/gcc/arm-none-eabi/10.3.1/../../../../arm-none-eabi/lib/thumb/v7e-m+fp/softfp\libc.a(lib_a-localeconv.o)
                0x10008c50                _localeconv_r
 .text.__retarget_lock_init_recursive
                0x10008c58        0x4 c:/maximsdk/tools/gnutools/10.3/bin/../lib/gcc/arm-none-eabi/10.3.1/../../../../arm-none-eabi/lib/thumb/v7e-m+fp/softfp\libc.a(lib_a-lock.o)
                0x10008c58                __retarget_lock_init_recursive
 .text.__retarget_lock_close_recursive
                0x10008c5c        0x4 c:/maximsdk/tools/gnutools/10.3/bin/../lib/gcc/arm-none-eabi/10.3.1/../../../../arm-none-eabi/lib/thumb/v7e-m+fp/softfp\libc.a(lib_a-lock.o)
                0x10008c5c                __retarget_lock_close_recursive
 .text.__retarget_lock_acquire_recursive
                0x10008c60        0x4 c:/maximsdk/tools/gnutools/10.3/bin/../lib/gcc/arm-none-eabi/10.3.1/../../../../arm-none-eabi/lib/thumb/v7e-m+fp/softfp\libc.a(lib_a-lock.o)
                0x10008c60                __retarget_lock_acquire_recursive
 .text.__retarget_lock_release_recursive
                0x10008c64        0x4 c:/maximsdk/tools/gnutools/10.3/bin/../lib/gcc/arm-none-eabi/10.3.1/../../../../arm-none-eabi/lib/thumb/v7e-m+fp/softfp\libc.a(lib_a-lock.o)
                0x10008c64                __retarget_lock_release_recursive
 .text.__smakebuf_r
                0x10008c68       0xe0 c:/maximsdk/tools/gnutools/10.3/bin/../lib/gcc/arm-none-eabi/10.3.1/../../../../arm-none-eabi/lib/thumb/v7e-m+fp/softfp\libc.a(lib_a-makebuf.o)
                0x10008c68                __smakebuf_r
 *fill*         0x10008d48        0x8 
 .text          0x10008d50       0xa0 c:/maximsdk/tools/gnutools/10.3/bin/../lib/gcc/arm-none-eabi/10.3.1/../../../../arm-none-eabi/lib/thumb/v7e-m+fp/softfp\libc.a(lib_a-memchr.o)
                0x10008d50                memchr
 .text._Balloc  0x10008df0       0x4c c:/maximsdk/tools/gnutools/10.3/bin/../lib/gcc/arm-none-eabi/10.3.1/../../../../arm-none-eabi/lib/thumb/v7e-m+fp/softfp\libc.a(lib_a-mprec.o)
                0x10008df0                _Balloc
 .text._Bfree   0x10008e3c       0x14 c:/maximsdk/tools/gnutools/10.3/bin/../lib/gcc/arm-none-eabi/10.3.1/../../../../arm-none-eabi/lib/thumb/v7e-m+fp/softfp\libc.a(lib_a-mprec.o)
                0x10008e3c                _Bfree
 .text.__multadd
                0x10008e50       0xa8 c:/maximsdk/tools/gnutools/10.3/bin/../lib/gcc/arm-none-eabi/10.3.1/../../../../arm-none-eabi/lib/thumb/v7e-m+fp/softfp\libc.a(lib_a-mprec.o)
                0x10008e50                __multadd
 .text.__hi0bits
                0x10008ef8       0x40 c:/maximsdk/tools/gnutools/10.3/bin/../lib/gcc/arm-none-eabi/10.3.1/../../../../arm-none-eabi/lib/thumb/v7e-m+fp/softfp\libc.a(lib_a-mprec.o)
                0x10008ef8                __hi0bits
 .text.__lo0bits
                0x10008f38       0x60 c:/maximsdk/tools/gnutools/10.3/bin/../lib/gcc/arm-none-eabi/10.3.1/../../../../arm-none-eabi/lib/thumb/v7e-m+fp/softfp\libc.a(lib_a-mprec.o)
                0x10008f38                __lo0bits
 .text.__i2b    0x10008f98       0x5c c:/maximsdk/tools/gnutools/10.3/bin/../lib/gcc/arm-none-eabi/10.3.1/../../../../arm-none-eabi/lib/thumb/v7e-m+fp/softfp\libc.a(lib_a-mprec.o)
                0x10008f98                __i2b
 .text.__multiply
                0x10008ff4      0x15c c:/maximsdk/tools/gnutools/10.3/bin/../lib/gcc/arm-none-eabi/10.3.1/../../../../arm-none-eabi/lib/thumb/v7e-m+fp/softfp\libc.a(lib_a-mprec.o)
                0x10008ff4                __multiply
 .text.__pow5mult
                0x10009150       0xc0 c:/maximsdk/tools/gnutools/10.3/bin/../lib/gcc/arm-none-eabi/10.3.1/../../../../arm-none-eabi/lib/thumb/v7e-m+fp/softfp\libc.a(lib_a-mprec.o)
                0x10009150                __pow5mult
 .text.__lshift
                0x10009210       0xf0 c:/maximsdk/tools/gnutools/10.3/bin/../lib/gcc/arm-none-eabi/10.3.1/../../../../arm-none-eabi/lib/thumb/v7e-m+fp/softfp\libc.a(lib_a-mprec.o)
                0x10009210                __lshift
 .text.__mcmp   0x10009300       0x44 c:/maximsdk/tools/gnutools/10.3/bin/../lib/gcc/arm-none-eabi/10.3.1/../../../../arm-none-eabi/lib/thumb/v7e-m+fp/softfp\libc.a(lib_a-mprec.o)
                0x10009300                __mcmp
 .text.__mdiff  0x10009344      0x14c c:/maximsdk/tools/gnutools/10.3/bin/../lib/gcc/arm-none-eabi/10.3.1/../../../../arm-none-eabi/lib/thumb/v7e-m+fp/softfp\libc.a(lib_a-mprec.o)
                0x10009344                __mdiff
 .text.__d2b    0x10009490       0xc4 c:/maximsdk/tools/gnutools/10.3/bin/../lib/gcc/arm-none-eabi/10.3.1/../../../../arm-none-eabi/lib/thumb/v7e-m+fp/softfp\libc.a(lib_a-mprec.o)
                0x10009490                __d2b
 .text._realloc_r
                0x10009554      0x3d8 c:/maximsdk/tools/gnutools/10.3/bin/../lib/gcc/arm-none-eabi/10.3.1/../../../../arm-none-eabi/lib/thumb/v7e-m+fp/softfp\libc.a(lib_a-reallocr.o)
                0x10009554                _realloc_r
 .text.frexp    0x1000992c       0x70 c:/maximsdk/tools/gnutools/10.3/bin/../lib/gcc/arm-none-eabi/10.3.1/../../../../arm-none-eabi/lib/thumb/v7e-m+fp/softfp\libc.a(lib_a-s_frexp.o)
                0x1000992c                frexp
 .text.__sread  0x1000999c       0x24 c:/maximsdk/tools/gnutools/10.3/bin/../lib/gcc/arm-none-eabi/10.3.1/../../../../arm-none-eabi/lib/thumb/v7e-m+fp/softfp\libc.a(lib_a-stdio.o)
                0x1000999c                __sread
 .text.__swrite
                0x100099c0       0x40 c:/maximsdk/tools/gnutools/10.3/bin/../lib/gcc/arm-none-eabi/10.3.1/../../../../arm-none-eabi/lib/thumb/v7e-m+fp/softfp\libc.a(lib_a-stdio.o)
                0x100099c0                __swrite
 .text.__sseek  0x10009a00       0x20 c:/maximsdk/tools/gnutools/10.3/bin/../lib/gcc/arm-none-eabi/10.3.1/../../../../arm-none-eabi/lib/thumb/v7e-m+fp/softfp\libc.a(lib_a-stdio.o)
                0x10009a00                __sseek
 .text.__sclose
                0x10009a20        0x8 c:/maximsdk/tools/gnutools/10.3/bin/../lib/gcc/arm-none-eabi/10.3.1/../../../../arm-none-eabi/lib/thumb/v7e-m+fp/softfp\libc.a(lib_a-stdio.o)
                0x10009a20                __sclose
 .text.strncpy  0x10009a28       0x64 c:/maximsdk/tools/gnutools/10.3/bin/../lib/gcc/arm-none-eabi/10.3.1/../../../../arm-none-eabi/lib/thumb/v7e-m+fp/softfp\libc.a(lib_a-strncpy.o)
                0x10009a28                strncpy
 .text.__ssprint_r
                0x10009a8c       0xf8 c:/maximsdk/tools/gnutools/10.3/bin/../lib/gcc/arm-none-eabi/10.3.1/../../../../arm-none-eabi/lib/thumb/v7e-m+fp/softfp\libc.a(lib_a-svfiprintf.o)
                0x10009a8c                __ssprint_r
 .text.__sprint_r.part.0
                0x10009b84       0x78 c:/maximsdk/tools/gnutools/10.3/bin/../lib/gcc/arm-none-eabi/10.3.1/../../../../arm-none-eabi/lib/thumb/v7e-m+fp/softfp\libc.a(lib_a-vfiprintf.o)
 .text.__sprint_r
                0x10009bfc       0x18 c:/maximsdk/tools/gnutools/10.3/bin/../lib/gcc/arm-none-eabi/10.3.1/../../../../arm-none-eabi/lib/thumb/v7e-m+fp/softfp\libc.a(lib_a-vfiprintf.o)
                0x10009bfc                __sprint_r
 .text._vfiprintf_r
                0x10009c14      0xdfc c:/maximsdk/tools/gnutools/10.3/bin/../lib/gcc/arm-none-eabi/10.3.1/../../../../arm-none-eabi/lib/thumb/v7e-m+fp/softfp\libc.a(lib_a-vfiprintf.o)
                0x10009c14                _vfiprintf_r
 .text.__sbprintf
                0x1000aa10       0x80 c:/maximsdk/tools/gnutools/10.3/bin/../lib/gcc/arm-none-eabi/10.3.1/../../../../arm-none-eabi/lib/thumb/v7e-m+fp/softfp\libc.a(lib_a-vfiprintf.o)
 .text._write_r
                0x1000aa90       0x2c c:/maximsdk/tools/gnutools/10.3/bin/../lib/gcc/arm-none-eabi/10.3.1/../../../../arm-none-eabi/lib/thumb/v7e-m+fp/softfp\libc.a(lib_a-writer.o)
                0x1000aa90                _write_r
 .text.__register_exitproc
                0x1000aabc       0x8c c:/maximsdk/tools/gnutools/10.3/bin/../lib/gcc/arm-none-eabi/10.3.1/../../../../arm-none-eabi/lib/thumb/v7e-m+fp/softfp\libc.a(lib_a-__atexit.o)
                0x1000aabc                __register_exitproc
 .text.__assert_func
                0x1000ab48       0x40 c:/maximsdk/tools/gnutools/10.3/bin/../lib/gcc/arm-none-eabi/10.3.1/../../../../arm-none-eabi/lib/thumb/v7e-m+fp/softfp\libc.a(lib_a-assert.o)
                0x1000ab48                __assert_func
 .text._calloc_r
                0x1000ab88       0x78 c:/maximsdk/tools/gnutools/10.3/bin/../lib/gcc/arm-none-eabi/10.3.1/../../../../arm-none-eabi/lib/thumb/v7e-m+fp/softfp\libc.a(lib_a-callocr.o)
                0x1000ab88                _calloc_r
 .text._close_r
                0x1000ac00       0x24 c:/maximsdk/tools/gnutools/10.3/bin/../lib/gcc/arm-none-eabi/10.3.1/../../../../arm-none-eabi/lib/thumb/v7e-m+fp/softfp\libc.a(lib_a-closer.o)
                0x1000ac00                _close_r
 .text._fclose_r
                0x1000ac24       0xcc c:/maximsdk/tools/gnutools/10.3/bin/../lib/gcc/arm-none-eabi/10.3.1/../../../../arm-none-eabi/lib/thumb/v7e-m+fp/softfp\libc.a(lib_a-fclose.o)
                0x1000ac24                _fclose_r
 .text.fiprintf
                0x1000acf0       0x28 c:/maximsdk/tools/gnutools/10.3/bin/../lib/gcc/arm-none-eabi/10.3.1/../../../../arm-none-eabi/lib/thumb/v7e-m+fp/softfp\libc.a(lib_a-fiprintf.o)
                0x1000acf0                fiprintf
 .text.__fputwc
                0x1000ad18       0xa8 c:/maximsdk/tools/gnutools/10.3/bin/../lib/gcc/arm-none-eabi/10.3.1/../../../../arm-none-eabi/lib/thumb/v7e-m+fp/softfp\libc.a(lib_a-fputwc.o)
                0x1000ad18                __fputwc
 .text._fputwc_r
                0x1000adc0       0x68 c:/maximsdk/tools/gnutools/10.3/bin/../lib/gcc/arm-none-eabi/10.3.1/../../../../arm-none-eabi/lib/thumb/v7e-m+fp/softfp\libc.a(lib_a-fputwc.o)
                0x1000adc0                _fputwc_r
 .text._fstat_r
                0x1000ae28       0x2c c:/maximsdk/tools/gnutools/10.3/bin/../lib/gcc/arm-none-eabi/10.3.1/../../../../arm-none-eabi/lib/thumb/v7e-m+fp/softfp\libc.a(lib_a-fstatr.o)
                0x1000ae28                _fstat_r
 .text._isatty_r
                0x1000ae54       0x24 c:/maximsdk/tools/gnutools/10.3/bin/../lib/gcc/arm-none-eabi/10.3.1/../../../../arm-none-eabi/lib/thumb/v7e-m+fp/softfp\libc.a(lib_a-isattyr.o)
                0x1000ae54                _isatty_r
 .text.__locale_mb_cur_max
                0x1000ae78        0xc c:/maximsdk/tools/gnutools/10.3/bin/../lib/gcc/arm-none-eabi/10.3.1/../../../../arm-none-eabi/lib/thumb/v7e-m+fp/softfp\libc.a(lib_a-locale.o)
                0x1000ae78                __locale_mb_cur_max
 .text._lseek_r
                0x1000ae84       0x2c c:/maximsdk/tools/gnutools/10.3/bin/../lib/gcc/arm-none-eabi/10.3.1/../../../../arm-none-eabi/lib/thumb/v7e-m+fp/softfp\libc.a(lib_a-lseekr.o)
                0x1000ae84                _lseek_r
 .text.__ascii_mbtowc
                0x1000aeb0       0x2c c:/maximsdk/tools/gnutools/10.3/bin/../lib/gcc/arm-none-eabi/10.3.1/../../../../arm-none-eabi/lib/thumb/v7e-m+fp/softfp\libc.a(lib_a-mbtowc_r.o)
                0x1000aeb0                __ascii_mbtowc
 .text._read_r  0x1000aedc       0x2c c:/maximsdk/tools/gnutools/10.3/bin/../lib/gcc/arm-none-eabi/10.3.1/../../../../arm-none-eabi/lib/thumb/v7e-m+fp/softfp\libc.a(lib_a-readr.o)
                0x1000aedc                _read_r
 .text.__swbuf_r
                0x1000af08       0xb0 c:/maximsdk/tools/gnutools/10.3/bin/../lib/gcc/arm-none-eabi/10.3.1/../../../../arm-none-eabi/lib/thumb/v7e-m+fp/softfp\libc.a(lib_a-wbuf.o)
                0x1000af08                __swbuf_r
 .text._wcrtomb_r
                0x1000afb8       0x3c c:/maximsdk/tools/gnutools/10.3/bin/../lib/gcc/arm-none-eabi/10.3.1/../../../../arm-none-eabi/lib/thumb/v7e-m+fp/softfp\libc.a(lib_a-wcrtomb.o)
                0x1000afb8                _wcrtomb_r
 .text.__ascii_wctomb
                0x1000aff4       0x1c c:/maximsdk/tools/gnutools/10.3/bin/../lib/gcc/arm-none-eabi/10.3.1/../../../../arm-none-eabi/lib/thumb/v7e-m+fp/softfp\libc.a(lib_a-wctomb_r.o)
                0x1000aff4                __ascii_wctomb
 .text.abort    0x1000b010       0x10 c:/maximsdk/tools/gnutools/10.3/bin/../lib/gcc/arm-none-eabi/10.3.1/../../../../arm-none-eabi/lib/thumb/v7e-m+fp/softfp\libc.a(lib_a-abort.o)
                0x1000b010                abort
 .text.raise    0x1000b020       0x5c c:/maximsdk/tools/gnutools/10.3/bin/../lib/gcc/arm-none-eabi/10.3.1/../../../../arm-none-eabi/lib/thumb/v7e-m+fp/softfp\libc.a(lib_a-signal.o)
                0x1000b020                raise
 .text._kill_r  0x1000b07c       0x2c c:/maximsdk/tools/gnutools/10.3/bin/../lib/gcc/arm-none-eabi/10.3.1/../../../../arm-none-eabi/lib/thumb/v7e-m+fp/softfp\libc.a(lib_a-signalr.o)
                0x1000b07c                _kill_r
 .text._getpid_r
                0x1000b0a8        0x4 c:/maximsdk/tools/gnutools/10.3/bin/../lib/gcc/arm-none-eabi/10.3.1/../../../../arm-none-eabi/lib/thumb/v7e-m+fp/softfp\libc.a(lib_a-signalr.o)
                0x1000b0a8                _getpid_r
 .text._exit    0x1000b0ac        0x4 c:/maximsdk/tools/gnutools/10.3/bin/../lib/gcc/arm-none-eabi/10.3.1/../../../../arm-none-eabi/lib/thumb/v7e-m+fp/softfp\libnosys.a(_exit.o)
                0x1000b0ac                _exit
 .text          0x1000b0b0      0x378 c:/maximsdk/tools/gnutools/10.3/bin/../lib/gcc/arm-none-eabi/10.3.1/thumb/v7e-m+fp/softfp\libgcc.a(_arm_addsubdf3.o)
                0x1000b0b0                __aeabi_drsub
                0x1000b0b8                __aeabi_dsub
                0x1000b0b8                __subdf3
                0x1000b0bc                __aeabi_dadd
                0x1000b0bc                __adddf3
                0x1000b334                __floatunsidf
                0x1000b334                __aeabi_ui2d
                0x1000b354                __floatsidf
                0x1000b354                __aeabi_i2d
                0x1000b378                __aeabi_f2d
                0x1000b378                __extendsfdf2
                0x1000b3bc                __floatundidf
                0x1000b3bc                __aeabi_ul2d
                0x1000b3cc                __floatdidf
                0x1000b3cc                __aeabi_l2d
 .text          0x1000b428      0x424 c:/maximsdk/tools/gnutools/10.3/bin/../lib/gcc/arm-none-eabi/10.3.1/thumb/v7e-m+fp/softfp\libgcc.a(_arm_muldivdf3.o)
                0x1000b428                __aeabi_dmul
                0x1000b428                __muldf3
                0x1000b67c                __divdf3
                0x1000b67c                __aeabi_ddiv
 .text          0x1000b84c      0x110 c:/maximsdk/tools/gnutools/10.3/bin/../lib/gcc/arm-none-eabi/10.3.1/thumb/v7e-m+fp/softfp\libgcc.a(_arm_cmpdf2.o)
                0x1000b84c                __gtdf2
                0x1000b84c                __gedf2
                0x1000b854                __ltdf2
                0x1000b854                __ledf2
                0x1000b85c                __nedf2
                0x1000b85c                __eqdf2
                0x1000b85c                __cmpdf2
                0x1000b8d8                __aeabi_cdrcmple
                0x1000b8e8                __aeabi_cdcmpeq
                0x1000b8e8                __aeabi_cdcmple
                0x1000b8f8                __aeabi_dcmpeq
                0x1000b90c                __aeabi_dcmplt
                0x1000b920                __aeabi_dcmple
                0x1000b934                __aeabi_dcmpge
                0x1000b948                __aeabi_dcmpgt
 .text          0x1000b95c       0x2c c:/maximsdk/tools/gnutools/10.3/bin/../lib/gcc/arm-none-eabi/10.3.1/thumb/v7e-m+fp/softfp\libgcc.a(_arm_unorddf2.o)
                0x1000b95c                __unorddf2
                0x1000b95c                __aeabi_dcmpun
 .text          0x1000b988       0x50 c:/maximsdk/tools/gnutools/10.3/bin/../lib/gcc/arm-none-eabi/10.3.1/thumb/v7e-m+fp/softfp\libgcc.a(_arm_fixdfsi.o)
                0x1000b988                __aeabi_d2iz
                0x1000b988                __fixdfsi
 .text          0x1000b9d8       0x30 c:/maximsdk/tools/gnutools/10.3/bin/../lib/gcc/arm-none-eabi/10.3.1/thumb/v7e-m+fp/softfp\libgcc.a(_aeabi_uldivmod.o)
                0x1000b9d8                __aeabi_uldivmod
 .text          0x1000ba08      0x2d0 c:/maximsdk/tools/gnutools/10.3/bin/../lib/gcc/arm-none-eabi/10.3.1/thumb/v7e-m+fp/softfp\libgcc.a(_udivmoddi4.o)
                0x1000ba08                __udivmoddi4
 .text          0x1000bcd8        0x4 c:/maximsdk/tools/gnutools/10.3/bin/../lib/gcc/arm-none-eabi/10.3.1/thumb/v7e-m+fp/softfp\libgcc.a(_dvmd_tls.o)
                0x1000bcd8                __aeabi_idiv0
                0x1000bcd8                __aeabi_ldiv0
 *(.rodata*)
 .rodata.auw_hamm
                0x1000bcdc       0x3e d:/home/eepw-digikey/2025-2/FTHR_I2C/build/algorithm.o
                0x1000bcdc                auw_hamm
 *fill*         0x1000bd1a        0x2 
 .rodata.uch_spo2_table
                0x1000bd1c       0xb8 d:/home/eepw-digikey/2025-2/FTHR_I2C/build/algorithm.o
                0x1000bd1c                uch_spo2_table
 .rodata.RTC_Init.str1.4
                0x1000bdd4       0x38 d:/home/eepw-digikey/2025-2/FTHR_I2C/build/main.o
 .rodata.SetLEDs.str1.4
                0x1000be0c       0x1b d:/home/eepw-digikey/2025-2/FTHR_I2C/build/main.o
 *fill*         0x1000be27        0x1 
 .rodata.Show_Time.str1.4
                0x1000be28       0x38 d:/home/eepw-digikey/2025-2/FTHR_I2C/build/main.o
 .rodata.Show_Main_Menu.str1.4
                0x1000be60       0x16 d:/home/eepw-digikey/2025-2/FTHR_I2C/build/main.o
 *fill*         0x1000be76        0x2 
 .rodata.main.str1.4
                0x1000be78      0x1b1 d:/home/eepw-digikey/2025-2/FTHR_I2C/build/main.o
 *fill*         0x1000c029        0x3 
 .rodata        0x1000c02c       0x19 d:/home/eepw-digikey/2025-2/FTHR_I2C/build/main.o
 *fill*         0x1000c045        0x3 
 .rodata.font8x8
                0x1000c048      0x2f8 d:/home/eepw-digikey/2025-2/FTHR_I2C/build/main.o
                0x1000c048                font8x8
 .rodata.max30102_write_reg.str1.4
                0x1000c340       0x15 d:/home/eepw-digikey/2025-2/FTHR_I2C/build/max30102.o
 *fill*         0x1000c355        0x3 
 .rodata.max30102_read_reg.str1.4
                0x1000c358       0x14 d:/home/eepw-digikey/2025-2/FTHR_I2C/build/max30102.o
 .rodata.MAX30102_Config.str1.4
                0x1000c36c       0x25 d:/home/eepw-digikey/2025-2/FTHR_I2C/build/max30102.o
 *fill*         0x1000c391        0x3 
 .rodata.blood_data_update.str1.4
                0x1000c394       0x19 d:/home/eepw-digikey/2025-2/FTHR_I2C/build/max30102.o
 *fill*         0x1000c3ad        0x3 
 .rodata.mxc_assert.str1.4
                0x1000c3b0       0x19 d:/home/eepw-digikey/2025-2/FTHR_I2C/build/board.o
 *fill*         0x1000c3c9        0x3 
 .rodata.Board_Init.str1.4
                0x1000c3cc       0x45 d:/home/eepw-digikey/2025-2/FTHR_I2C/build/board.o
 *fill*         0x1000c411        0x3 
 .rodata.led_pin
                0x1000c414       0x24 d:/home/eepw-digikey/2025-2/FTHR_I2C/build/board.o
                0x1000c414                led_pin
 .rodata.num_leds
                0x1000c438        0x4 d:/home/eepw-digikey/2025-2/FTHR_I2C/build/board.o
                0x1000c438                num_leds
 .rodata.num_pbs
                0x1000c43c        0x4 d:/home/eepw-digikey/2025-2/FTHR_I2C/build/board.o
                0x1000c43c                num_pbs
 .rodata.pb_pin
                0x1000c440       0x18 d:/home/eepw-digikey/2025-2/FTHR_I2C/build/board.o
                0x1000c440                pb_pin
 .rodata.gpio_cfg_extclk
                0x1000c458        0xc C:/MaximSDK/Libraries/PeriphDrivers/bin/MAX78000/spi-v1_softfp/libPeriphDriver_spi-v1_softfp.a(pins_ai85.o)
                0x1000c458                gpio_cfg_extclk
 .rodata.gpio_cfg_i2c0
                0x1000c464        0xc C:/MaximSDK/Libraries/PeriphDrivers/bin/MAX78000/spi-v1_softfp/libPeriphDriver_spi-v1_softfp.a(pins_ai85.o)
                0x1000c464                gpio_cfg_i2c0
 .rodata.gpio_cfg_i2c1
                0x1000c470        0xc C:/MaximSDK/Libraries/PeriphDrivers/bin/MAX78000/spi-v1_softfp/libPeriphDriver_spi-v1_softfp.a(pins_ai85.o)
                0x1000c470                gpio_cfg_i2c1
 .rodata.gpio_cfg_i2c2
                0x1000c47c        0xc C:/MaximSDK/Libraries/PeriphDrivers/bin/MAX78000/spi-v1_softfp/libPeriphDriver_spi-v1_softfp.a(pins_ai85.o)
                0x1000c47c                gpio_cfg_i2c2
 .rodata.gpio_cfg_uart0
                0x1000c488        0xc C:/MaximSDK/Libraries/PeriphDrivers/bin/MAX78000/spi-v1_softfp/libPeriphDriver_spi-v1_softfp.a(pins_ai85.o)
                0x1000c488                gpio_cfg_uart0
 .rodata.gpio_cfg_uart1
                0x1000c494        0xc C:/MaximSDK/Libraries/PeriphDrivers/bin/MAX78000/spi-v1_softfp/libPeriphDriver_spi-v1_softfp.a(pins_ai85.o)
                0x1000c494                gpio_cfg_uart1
 .rodata.gpio_cfg_uart2
                0x1000c4a0        0xc C:/MaximSDK/Libraries/PeriphDrivers/bin/MAX78000/spi-v1_softfp/libPeriphDriver_spi-v1_softfp.a(pins_ai85.o)
                0x1000c4a0                gpio_cfg_uart2
 .rodata.gpio_cfg_uart3
                0x1000c4ac        0xc C:/MaximSDK/Libraries/PeriphDrivers/bin/MAX78000/spi-v1_softfp/libPeriphDriver_spi-v1_softfp.a(pins_ai85.o)
                0x1000c4ac                gpio_cfg_uart3
 .rodata.MXC_DMA_RevA_Init.str1.4
                0x1000c4b8       0x51 C:/MaximSDK/Libraries/PeriphDrivers/bin/MAX78000/spi-v1_softfp/libPeriphDriver_spi-v1_softfp.a(dma_reva.o)
 *fill*         0x1000c509        0x3 
 .rodata.MXC_UART_RevB_Init.str1.4
                0x1000c50c       0x77 C:/MaximSDK/Libraries/PeriphDrivers/bin/MAX78000/spi-v1_softfp/libPeriphDriver_spi-v1_softfp.a(uart_revb.o)
 *fill*         0x1000c583        0x1 
 .rodata.MXC_UART_RevB_SetClockSource.str1.4
                0x1000c584       0x27 C:/MaximSDK/Libraries/PeriphDrivers/bin/MAX78000/spi-v1_softfp/libPeriphDriver_spi-v1_softfp.a(uart_revb.o)
 *fill*         0x1000c5ab        0x1 
 .rodata.MXC_GPIO_Common_Handler.str1.4
                0x1000c5ac       0x66 C:/MaximSDK/Libraries/PeriphDrivers/bin/MAX78000/spi-v1_softfp/libPeriphDriver_spi-v1_softfp.a(gpio_common.o)
 *fill*         0x1000c612        0x2 
 .rodata._global_impure_ptr
                0x1000c614        0x4 c:/maximsdk/tools/gnutools/10.3/bin/../lib/gcc/arm-none-eabi/10.3.1/../../../../arm-none-eabi/lib/thumb/v7e-m+fp/softfp\libc.a(lib_a-impure.o)
                0x1000c614                _global_impure_ptr
 .rodata._puts_r.str1.4
                0x1000c618       0x66 c:/maximsdk/tools/gnutools/10.3/bin/../lib/gcc/arm-none-eabi/10.3.1/../../../../arm-none-eabi/lib/thumb/v7e-m+fp/softfp\libc.a(lib_a-puts.o)
                                  0x2 (size before relaxing)
 .rodata._svfprintf_r.str1.4
                0x1000c618       0x42 c:/maximsdk/tools/gnutools/10.3/bin/../lib/gcc/arm-none-eabi/10.3.1/../../../../arm-none-eabi/lib/thumb/v7e-m+fp/softfp\libc.a(lib_a-svfprintf.o)
 *fill*         0x1000c65a        0x2 
 .rodata.blanks.1
                0x1000c65c       0x10 c:/maximsdk/tools/gnutools/10.3/bin/../lib/gcc/arm-none-eabi/10.3.1/../../../../arm-none-eabi/lib/thumb/v7e-m+fp/softfp\libc.a(lib_a-svfprintf.o)
 .rodata.zeroes.0
                0x1000c66c       0x10 c:/maximsdk/tools/gnutools/10.3/bin/../lib/gcc/arm-none-eabi/10.3.1/../../../../arm-none-eabi/lib/thumb/v7e-m+fp/softfp\libc.a(lib_a-svfprintf.o)
 .rodata._vfprintf_r.str1.4
                0x1000c67c       0x42 c:/maximsdk/tools/gnutools/10.3/bin/../lib/gcc/arm-none-eabi/10.3.1/../../../../arm-none-eabi/lib/thumb/v7e-m+fp/softfp\libc.a(lib_a-vfprintf.o)
 .rodata.blanks.1
                0x1000c67c       0x10 c:/maximsdk/tools/gnutools/10.3/bin/../lib/gcc/arm-none-eabi/10.3.1/../../../../arm-none-eabi/lib/thumb/v7e-m+fp/softfp\libc.a(lib_a-vfprintf.o)
 .rodata.zeroes.0
                0x1000c68c       0x10 c:/maximsdk/tools/gnutools/10.3/bin/../lib/gcc/arm-none-eabi/10.3.1/../../../../arm-none-eabi/lib/thumb/v7e-m+fp/softfp\libc.a(lib_a-vfprintf.o)
 .rodata._dtoa_r.str1.4
                0x1000c69c       0xa2 c:/maximsdk/tools/gnutools/10.3/bin/../lib/gcc/arm-none-eabi/10.3.1/../../../../arm-none-eabi/lib/thumb/v7e-m+fp/softfp\libc.a(lib_a-dtoa.o)
                                 0xa6 (size before relaxing)
 *fill*         0x1000c73e        0x2 
 .rodata.__multadd.str1.4
                0x1000c740       0x7f c:/maximsdk/tools/gnutools/10.3/bin/../lib/gcc/arm-none-eabi/10.3.1/../../../../arm-none-eabi/lib/thumb/v7e-m+fp/softfp\libc.a(lib_a-mprec.o)
                                 0x93 (size before relaxing)
 *fill*         0x1000c7bf        0x1 
 .rodata.__mprec_bigtens
                0x1000c7c0       0x28 c:/maximsdk/tools/gnutools/10.3/bin/../lib/gcc/arm-none-eabi/10.3.1/../../../../arm-none-eabi/lib/thumb/v7e-m+fp/softfp\libc.a(lib_a-mprec.o)
                0x1000c7c0                __mprec_bigtens
 .rodata.__mprec_tens
                0x1000c7e8       0xc8 c:/maximsdk/tools/gnutools/10.3/bin/../lib/gcc/arm-none-eabi/10.3.1/../../../../arm-none-eabi/lib/thumb/v7e-m+fp/softfp\libc.a(lib_a-mprec.o)
                0x1000c7e8                __mprec_tens
 .rodata.p05.0  0x1000c8b0        0xc c:/maximsdk/tools/gnutools/10.3/bin/../lib/gcc/arm-none-eabi/10.3.1/../../../../arm-none-eabi/lib/thumb/v7e-m+fp/softfp\libc.a(lib_a-mprec.o)
 .rodata._vfiprintf_r.str1.4
                0x1000c8bc       0x2f c:/maximsdk/tools/gnutools/10.3/bin/../lib/gcc/arm-none-eabi/10.3.1/../../../../arm-none-eabi/lib/thumb/v7e-m+fp/softfp\libc.a(lib_a-vfiprintf.o)
 .rodata.blanks.1
                0x1000c8bc       0x10 c:/maximsdk/tools/gnutools/10.3/bin/../lib/gcc/arm-none-eabi/10.3.1/../../../../arm-none-eabi/lib/thumb/v7e-m+fp/softfp\libc.a(lib_a-vfiprintf.o)
 .rodata.zeroes.0
                0x1000c8cc       0x10 c:/maximsdk/tools/gnutools/10.3/bin/../lib/gcc/arm-none-eabi/10.3.1/../../../../arm-none-eabi/lib/thumb/v7e-m+fp/softfp\libc.a(lib_a-vfiprintf.o)
 .rodata.__assert_func.str1.4
                0x1000c8dc       0x3f c:/maximsdk/tools/gnutools/10.3/bin/../lib/gcc/arm-none-eabi/10.3.1/../../../../arm-none-eabi/lib/thumb/v7e-m+fp/softfp\libc.a(lib_a-assert.o)
                                 0x43 (size before relaxing)
 *fill*         0x1000c91b        0x1 
 .rodata._setlocale_r.str1.4
                0x1000c91c        0xa c:/maximsdk/tools/gnutools/10.3/bin/../lib/gcc/arm-none-eabi/10.3.1/../../../../arm-none-eabi/lib/thumb/v7e-m+fp/softfp\libc.a(lib_a-locale.o)
                                  0xd (size before relaxing)
 *fill*         0x1000c926        0x2 
 .rodata.str1.4
                0x1000c928        0x2 c:/maximsdk/tools/gnutools/10.3/bin/../lib/gcc/arm-none-eabi/10.3.1/../../../../arm-none-eabi/lib/thumb/v7e-m+fp/softfp\libc.a(lib_a-locale.o)
 *fill*         0x1000c92a        0x2 
 .rodata._ctype_
                0x1000c92c      0x101 c:/maximsdk/tools/gnutools/10.3/bin/../lib/gcc/arm-none-eabi/10.3.1/../../../../arm-none-eabi/lib/thumb/v7e-m+fp/softfp\libc.a(lib_a-ctype_.o)
                0x1000c92c                _ctype_
 *(.init)
 *fill*         0x1000ca2d        0x3 
 .init          0x1000ca30        0x4 c:/maximsdk/tools/gnutools/10.3/bin/../lib/gcc/arm-none-eabi/10.3.1/thumb/v7e-m+fp/softfp/crti.o
                0x1000ca30                _init
 .init          0x1000ca34        0x8 c:/maximsdk/tools/gnutools/10.3/bin/../lib/gcc/arm-none-eabi/10.3.1/thumb/v7e-m+fp/softfp/crtn.o
 *(.fini)
 .fini          0x1000ca3c        0x4 c:/maximsdk/tools/gnutools/10.3/bin/../lib/gcc/arm-none-eabi/10.3.1/thumb/v7e-m+fp/softfp/crti.o
                0x1000ca3c                _fini
 .fini          0x1000ca40        0x8 c:/maximsdk/tools/gnutools/10.3/bin/../lib/gcc/arm-none-eabi/10.3.1/thumb/v7e-m+fp/softfp/crtn.o
 *crtbegin.o(.ctors)
 *crtbegin?.o(.ctors)
 *(EXCLUDE_FILE(*crtend.o *crtend?.o) .ctors)
 *(SORT_BY_NAME(.ctors.*))
 *(.ctors)
 *crtbegin.o(.dtors)
 *crtbegin?.o(.dtors)
 *(EXCLUDE_FILE(*crtend.o *crtend?.o) .dtors)
 *(SORT_BY_NAME(.dtors.*))
 *(.dtors)
 *(.eh_frame*)
 .eh_frame      0x1000ca48        0x0 c:/maximsdk/tools/gnutools/10.3/bin/../lib/gcc/arm-none-eabi/10.3.1/thumb/v7e-m+fp/softfp/crtbegin.o
 .eh_frame      0x1000ca48        0x4 c:/maximsdk/tools/gnutools/10.3/bin/../lib/gcc/arm-none-eabi/10.3.1/thumb/v7e-m+fp/softfp/crtend.o
                0x1000ca4c                _etext = .

.glue_7         0x1000ca4c        0x0
 .glue_7        0x1000ca4c        0x0 linker stubs

.glue_7t        0x1000ca4c        0x0
 .glue_7t       0x1000ca4c        0x0 linker stubs

.vfp11_veneer   0x1000ca4c        0x0
 .vfp11_veneer  0x1000ca4c        0x0 linker stubs

.v4_bx          0x1000ca4c        0x0
 .v4_bx         0x1000ca4c        0x0 linker stubs

.iplt           0x1000ca4c        0x0
 .iplt          0x1000ca4c        0x0 c:/maximsdk/tools/gnutools/10.3/bin/../lib/gcc/arm-none-eabi/10.3.1/thumb/v7e-m+fp/softfp/crtbegin.o

.ARM.extab
 *(.ARM.extab* .gnu.linkonce.armextab.*)

.bin_storage    0x1000ca4c        0x0
 FILL mask 0xff
                0x1000ca4c                _bin_start_ = .
 *(.bin_storage_img)
                0x1000ca4c                _bin_end_ = .
                0x1000ca4c                . = ALIGN (0x4)

.rom_code       0x00000000        0x0
                0x00000000                . = ALIGN (0x10)
                0x20000000                _sran_code = .
 *(.rom_code_section)
                0x20000000                _esran_code = .

.flash_code     0x1000ca4c        0x4
                0x1000ca50                . = ALIGN (0x10)
 *fill*         0x1000ca4c        0x4 
                0x20000000                _sran_code = .
 *(.flash_code_section)
                0x20000000                _esran_code = .

.sram_code      0x20000000        0x0
                0x20000000                . = ALIGN (0x10)
                0x20000000                _sran_code = .
 *(.sram_code_section)
                0x20000000                _esran_code = .

.ARM.exidx      0x1000ca50        0x8
                0x1000ca50                __exidx_start = .
 *(.ARM.exidx* .gnu.linkonce.armexidx.*)
 .ARM.exidx     0x1000ca50        0x8 c:/maximsdk/tools/gnutools/10.3/bin/../lib/gcc/arm-none-eabi/10.3.1/thumb/v7e-m+fp/softfp\libgcc.a(_udivmoddi4.o)
                0x1000ca58                __exidx_end = .

.rel.dyn        0x1000ca58        0x0
 .rel.iplt      0x1000ca58        0x0 c:/maximsdk/tools/gnutools/10.3/bin/../lib/gcc/arm-none-eabi/10.3.1/thumb/v7e-m+fp/softfp/crtbegin.o

.data           0x20000000      0xa24 load address 0x1000ca58
                0x20000000                _data = ALIGN (., 0x4)
 *(vtable)
 *(.data*)
 .data.un_min   0x20000000        0x4 d:/home/eepw-digikey/2025-2/FTHR_I2C/build/max30102.o
                0x20000000                un_min
 .data.ConsoleUart
                0x20000004        0x4 d:/home/eepw-digikey/2025-2/FTHR_I2C/build/board.o
                0x20000004                ConsoleUart
 .data.overflows
                0x20000008        0x4 C:/MaximSDK/Libraries/PeriphDrivers/bin/MAX78000/spi-v1_softfp/libPeriphDriver_spi-v1_softfp.a(mxc_delay.o)
 .data.states   0x2000000c       0x60 C:/MaximSDK/Libraries/PeriphDrivers/bin/MAX78000/spi-v1_softfp/libPeriphDriver_spi-v1_softfp.a(uart_revb.o)
 .data._impure_ptr
                0x2000006c        0x4 c:/maximsdk/tools/gnutools/10.3/bin/../lib/gcc/arm-none-eabi/10.3.1/../../../../arm-none-eabi/lib/thumb/v7e-m+fp/softfp\libc.a(lib_a-impure.o)
                0x2000006c                _impure_ptr
 .data.impure_data
                0x20000070      0x428 c:/maximsdk/tools/gnutools/10.3/bin/../lib/gcc/arm-none-eabi/10.3.1/../../../../arm-none-eabi/lib/thumb/v7e-m+fp/softfp\libc.a(lib_a-impure.o)
 .data.__malloc_av_
                0x20000498      0x408 c:/maximsdk/tools/gnutools/10.3/bin/../lib/gcc/arm-none-eabi/10.3.1/../../../../arm-none-eabi/lib/thumb/v7e-m+fp/softfp\libc.a(lib_a-mallocr.o)
                0x20000498                __malloc_av_
 .data.__malloc_sbrk_base
                0x200008a0        0x4 c:/maximsdk/tools/gnutools/10.3/bin/../lib/gcc/arm-none-eabi/10.3.1/../../../../arm-none-eabi/lib/thumb/v7e-m+fp/softfp\libc.a(lib_a-mallocr.o)
                0x200008a0                __malloc_sbrk_base
 .data.__malloc_trim_threshold
                0x200008a4        0x4 c:/maximsdk/tools/gnutools/10.3/bin/../lib/gcc/arm-none-eabi/10.3.1/../../../../arm-none-eabi/lib/thumb/v7e-m+fp/softfp\libc.a(lib_a-mallocr.o)
                0x200008a4                __malloc_trim_threshold
 .data.__atexit_recursive_mutex
                0x200008a8        0x4 c:/maximsdk/tools/gnutools/10.3/bin/../lib/gcc/arm-none-eabi/10.3.1/../../../../arm-none-eabi/lib/thumb/v7e-m+fp/softfp\libc.a(lib_a-__call_atexit.o)
                0x200008a8                __atexit_recursive_mutex
 .data.__global_locale
                0x200008ac      0x16c c:/maximsdk/tools/gnutools/10.3/bin/../lib/gcc/arm-none-eabi/10.3.1/../../../../arm-none-eabi/lib/thumb/v7e-m+fp/softfp\libc.a(lib_a-locale.o)
                0x200008ac                __global_locale
 *(.flashprog*)
                0x20000a18                . = ALIGN (0x4)
                0x20000a18                PROVIDE (__preinit_array_start = .)
 *(.preinit_array)
                0x20000a18                PROVIDE (__preinit_array_end = .)
                0x20000a18                . = ALIGN (0x4)
                0x20000a18                PROVIDE (__init_array_start = .)
 *(SORT_BY_NAME(.init_array.*))
 .init_array.00000
                0x20000a18        0x4 c:/maximsdk/tools/gnutools/10.3/bin/../lib/gcc/arm-none-eabi/10.3.1/../../../../arm-none-eabi/lib/thumb/v7e-m+fp/softfp\libc.a(lib_a-__call_atexit.o)
 *(.init_array)
 .init_array    0x20000a1c        0x4 c:/maximsdk/tools/gnutools/10.3/bin/../lib/gcc/arm-none-eabi/10.3.1/thumb/v7e-m+fp/softfp/crtbegin.o
                0x20000a20                PROVIDE (__init_array_end = .)
                0x20000a20                . = ALIGN (0x4)
                0x20000a20                PROVIDE (__fini_array_start = .)
 *(SORT_BY_NAME(.fini_array.*))
 *(.fini_array)
 .fini_array    0x20000a20        0x4 c:/maximsdk/tools/gnutools/10.3/bin/../lib/gcc/arm-none-eabi/10.3.1/thumb/v7e-m+fp/softfp/crtbegin.o
                0x20000a24                PROVIDE (__fini_array_end = .)
                0x20000a24                _edata = ALIGN (., 0x4)
                0x1000ca58                __load_data = LOADADDR (.data)

.igot.plt       0x20000a24        0x0 load address 0x1000d47c
 .igot.plt      0x20000a24        0x0 c:/maximsdk/tools/gnutools/10.3/bin/../lib/gcc/arm-none-eabi/10.3.1/thumb/v7e-m+fp/softfp/crtbegin.o

.bss            0x20000a24     0x2e6c load address 0x1000d47c
                0x20000a24                . = ALIGN (0x4)
                0x20000a24                _bss = .
 *(.bss*)
 .bss           0x20000a24       0x1c c:/maximsdk/tools/gnutools/10.3/bin/../lib/gcc/arm-none-eabi/10.3.1/thumb/v7e-m+fp/softfp/crtbegin.o
 .bss.an_dx     0x20000a40      0x7c0 d:/home/eepw-digikey/2025-2/FTHR_I2C/build/algorithm.o
 .bss.an_x      0x20001200      0x7d0 d:/home/eepw-digikey/2025-2/FTHR_I2C/build/algorithm.o
 .bss.an_y      0x200019d0      0x7d0 d:/home/eepw-digikey/2025-2/FTHR_I2C/build/algorithm.o
 .bss.current_menu
                0x200021a0        0x1 d:/home/eepw-digikey/2025-2/FTHR_I2C/build/main.o
                0x200021a0                current_menu
 *fill*         0x200021a1        0x3 
 .bss.current_time
                0x200021a4        0x3 d:/home/eepw-digikey/2025-2/FTHR_I2C/build/main.o
                0x200021a4                current_time
 *fill*         0x200021a7        0x1 
 .bss.tx_buf    0x200021a8      0x100 d:/home/eepw-digikey/2025-2/FTHR_I2C/build/main.o
 .bss.aun_ir_buffer
                0x200022a8      0x7d0 d:/home/eepw-digikey/2025-2/FTHR_I2C/build/max30102.o
                0x200022a8                aun_ir_buffer
 .bss.aun_red_buffer
                0x20002a78      0x7d0 d:/home/eepw-digikey/2025-2/FTHR_I2C/build/max30102.o
                0x20002a78                aun_red_buffer
 .bss.bili      0x20003248       0x28 d:/home/eepw-digikey/2025-2/FTHR_I2C/build/max30102.o
                0x20003248                bili
 .bss.cb_func   0x20003270        0x4 d:/home/eepw-digikey/2025-2/FTHR_I2C/build/max30102.o
                0x20003270                cb_func
 .bss.ch_hr_valid
                0x20003274        0x1 d:/home/eepw-digikey/2025-2/FTHR_I2C/build/max30102.o
                0x20003274                ch_hr_valid
 .bss.ch_spo2_valid
                0x20003275        0x1 d:/home/eepw-digikey/2025-2/FTHR_I2C/build/max30102.o
                0x20003275                ch_spo2_valid
 *fill*         0x20003276        0x2 
 .bss.n_heart_rate
                0x20003278        0x4 d:/home/eepw-digikey/2025-2/FTHR_I2C/build/max30102.o
                0x20003278                n_heart_rate
 .bss.n_sp02    0x2000327c        0x4 d:/home/eepw-digikey/2025-2/FTHR_I2C/build/max30102.o
                0x2000327c                n_sp02
 .bss.un_max    0x20003280        0x4 d:/home/eepw-digikey/2025-2/FTHR_I2C/build/max30102.o
                0x20003280                un_max
 .bss.g_pb_polarity
                0x20003284        0x4 d:/home/eepw-digikey/2025-2/FTHR_I2C/build/pb.o
 .bss.heap_end  0x20003288        0x4 d:/home/eepw-digikey/2025-2/FTHR_I2C/build/heap.o
 .bss.cbFunc    0x2000328c        0x4 C:/MaximSDK/Libraries/PeriphDrivers/bin/MAX78000/spi-v1_softfp/libPeriphDriver_spi-v1_softfp.a(mxc_delay.o)
 .bss.ctrl_save
                0x20003290        0x4 C:/MaximSDK/Libraries/PeriphDrivers/bin/MAX78000/spi-v1_softfp/libPeriphDriver_spi-v1_softfp.a(mxc_delay.o)
 .bss.endtick   0x20003294        0x4 C:/MaximSDK/Libraries/PeriphDrivers/bin/MAX78000/spi-v1_softfp/libPeriphDriver_spi-v1_softfp.a(mxc_delay.o)
 .bss.dma_initialized
                0x20003298        0x4 C:/MaximSDK/Libraries/PeriphDrivers/bin/MAX78000/spi-v1_softfp/libPeriphDriver_spi-v1_softfp.a(dma_reva.o)
 .bss.dma_lock  0x2000329c        0x4 C:/MaximSDK/Libraries/PeriphDrivers/bin/MAX78000/spi-v1_softfp/libPeriphDriver_spi-v1_softfp.a(dma_reva.o)
 .bss.dma_resource
                0x200032a0      0x140 C:/MaximSDK/Libraries/PeriphDrivers/bin/MAX78000/spi-v1_softfp/libPeriphDriver_spi-v1_softfp.a(dma_reva.o)
 .bss.states    0x200033e0       0x60 C:/MaximSDK/Libraries/PeriphDrivers/bin/MAX78000/spi-v1_softfp/libPeriphDriver_spi-v1_softfp.a(i2c_reva.o)
 .bss.g_is_clock_locked
                0x20003440        0x4 C:/MaximSDK/Libraries/PeriphDrivers/bin/MAX78000/spi-v1_softfp/libPeriphDriver_spi-v1_softfp.a(uart_revb.o)
 .bss.callback  0x20003444      0x200 C:/MaximSDK/Libraries/PeriphDrivers/bin/MAX78000/spi-v1_softfp/libPeriphDriver_spi-v1_softfp.a(gpio_common.o)
 .bss.cbparam   0x20003644      0x200 C:/MaximSDK/Libraries/PeriphDrivers/bin/MAX78000/spi-v1_softfp/libPeriphDriver_spi-v1_softfp.a(gpio_common.o)
 .bss.cfg_lock  0x20003844        0x1 C:/MaximSDK/Libraries/PeriphDrivers/bin/MAX78000/spi-v1_softfp/libPeriphDriver_spi-v1_softfp.a(gpio_common.o)
 .bss.initialized
                0x20003845        0x1 C:/MaximSDK/Libraries/PeriphDrivers/bin/MAX78000/spi-v1_softfp/libPeriphDriver_spi-v1_softfp.a(gpio_common.o)
 *fill*         0x20003846        0x2 
 .bss.__malloc_current_mallinfo
                0x20003848       0x28 c:/maximsdk/tools/gnutools/10.3/bin/../lib/gcc/arm-none-eabi/10.3.1/../../../../arm-none-eabi/lib/thumb/v7e-m+fp/softfp\libc.a(lib_a-mallocr.o)
                0x20003848                __malloc_current_mallinfo
 .bss.__malloc_max_sbrked_mem
                0x20003870        0x4 c:/maximsdk/tools/gnutools/10.3/bin/../lib/gcc/arm-none-eabi/10.3.1/../../../../arm-none-eabi/lib/thumb/v7e-m+fp/softfp\libc.a(lib_a-mallocr.o)
                0x20003870                __malloc_max_sbrked_mem
 .bss.__malloc_max_total_mem
                0x20003874        0x4 c:/maximsdk/tools/gnutools/10.3/bin/../lib/gcc/arm-none-eabi/10.3.1/../../../../arm-none-eabi/lib/thumb/v7e-m+fp/softfp\libc.a(lib_a-mallocr.o)
                0x20003874                __malloc_max_total_mem
 .bss.__malloc_top_pad
                0x20003878        0x4 c:/maximsdk/tools/gnutools/10.3/bin/../lib/gcc/arm-none-eabi/10.3.1/../../../../arm-none-eabi/lib/thumb/v7e-m+fp/softfp\libc.a(lib_a-mallocr.o)
                0x20003878                __malloc_top_pad
 .bss.__lock___atexit_recursive_mutex
                0x2000387c        0x1 c:/maximsdk/tools/gnutools/10.3/bin/../lib/gcc/arm-none-eabi/10.3.1/../../../../arm-none-eabi/lib/thumb/v7e-m+fp/softfp\libc.a(lib_a-lock.o)
                0x2000387c                __lock___atexit_recursive_mutex
 *fill*         0x2000387d        0x3 
 .bss.__lock___malloc_recursive_mutex
                0x20003880        0x1 c:/maximsdk/tools/gnutools/10.3/bin/../lib/gcc/arm-none-eabi/10.3.1/../../../../arm-none-eabi/lib/thumb/v7e-m+fp/softfp\libc.a(lib_a-lock.o)
                0x20003880                __lock___malloc_recursive_mutex
 *fill*         0x20003881        0x3 
 .bss.__lock___sfp_recursive_mutex
                0x20003884        0x1 c:/maximsdk/tools/gnutools/10.3/bin/../lib/gcc/arm-none-eabi/10.3.1/../../../../arm-none-eabi/lib/thumb/v7e-m+fp/softfp\libc.a(lib_a-lock.o)
                0x20003884                __lock___sfp_recursive_mutex
 *fill*         0x20003885        0x3 
 .bss.__lock___sinit_recursive_mutex
                0x20003888        0x1 c:/maximsdk/tools/gnutools/10.3/bin/../lib/gcc/arm-none-eabi/10.3.1/../../../../arm-none-eabi/lib/thumb/v7e-m+fp/softfp\libc.a(lib_a-lock.o)
                0x20003888                __lock___sinit_recursive_mutex
 *fill*         0x20003889        0x3 
 .bss.errno     0x2000388c        0x4 c:/maximsdk/tools/gnutools/10.3/bin/../lib/gcc/arm-none-eabi/10.3.1/../../../../arm-none-eabi/lib/thumb/v7e-m+fp/softfp\libc.a(lib_a-reent.o)
                0x2000388c                errno
 *(COMMON)
                0x20003890                _ebss = ALIGN (., 0x4)

.shared         0x20003890        0x4 load address 0x1000d47c
                0x20003890                . = ALIGN (0x4)
                0x20003890                _shared = .
 *(.mailbox*)
                0x20003890                . = ALIGN (0x4)
 *(.shared*)
 .shared        0x20003890        0x4 d:/home/eepw-digikey/2025-2/FTHR_I2C/build/system_max78000.o
                0x20003890                SystemCoreClock
                0x20003894                _eshared = ALIGN (., 0x4)
                0x1000d47c                __shared_data = LOADADDR (.shared)
                0x20020000                __StackTop = (ORIGIN (SRAM) + LENGTH (SRAM))
                0x2001f000                __StackLimit = (__StackTop - SIZEOF (.stack_dummy))

.stack_dummy    0x20003898     0x1000 load address 0x1000d480
 *(.stack*)
 .stack         0x20003898     0x1000 d:/home/eepw-digikey/2025-2/FTHR_I2C/build/startup_max78000.o

.heap           0x20003898      0xc00 load address 0x1000d480
                0x20003898                . = ALIGN (0x4)
 *(.heap*)
 .heap          0x20003898      0xc00 d:/home/eepw-digikey/2025-2/FTHR_I2C/build/startup_max78000.o
                0x20003898                __HeapBase
                0x2001f000                __HeapLimit = ABSOLUTE (__StackLimit)
                0x20020000                PROVIDE (__stack = __StackTop)
                0x00000001                ASSERT ((__StackLimit >= _ebss), region RAM overflowed with stack)

.riscv_flash    0x1000d480      0x180
                0x1000d500                . = ALIGN (0x100)
 *fill*         0x1000d480       0x80 
                0x1000d600                . = (. + 0x100)
 *fill*         0x1000d500      0x100 
                0x1000d600                _riscv_boot = .
 *riscv.o(.text*)
OUTPUT(d:/home/eepw-digikey/2025-2/FTHR_I2C/build/FTHR_I2C.elf elf32-littlearm)
LOAD linker stubs

.ARM.attributes
                0x00000000       0x2e
 .ARM.attributes
                0x00000000       0x1e c:/maximsdk/tools/gnutools/10.3/bin/../lib/gcc/arm-none-eabi/10.3.1/thumb/v7e-m+fp/softfp/crti.o
 .ARM.attributes
                0x0000001e       0x32 c:/maximsdk/tools/gnutools/10.3/bin/../lib/gcc/arm-none-eabi/10.3.1/thumb/v7e-m+fp/softfp/crtbegin.o
 .ARM.attributes
                0x00000050       0x32 d:/home/eepw-digikey/2025-2/FTHR_I2C/build/algorithm.o
 .ARM.attributes
                0x00000082       0x32 d:/home/eepw-digikey/2025-2/FTHR_I2C/build/main.o
 .ARM.attributes
                0x000000b4       0x32 d:/home/eepw-digikey/2025-2/FTHR_I2C/build/max30102.o
 .ARM.attributes
                0x000000e6       0x32 d:/home/eepw-digikey/2025-2/FTHR_I2C/build/board.o
 .ARM.attributes
                0x00000118       0x32 d:/home/eepw-digikey/2025-2/FTHR_I2C/build/stdio.o
 .ARM.attributes
                0x0000014a       0x32 d:/home/eepw-digikey/2025-2/FTHR_I2C/build/led.o
 .ARM.attributes
                0x0000017c       0x32 d:/home/eepw-digikey/2025-2/FTHR_I2C/build/pb.o
 .ARM.attributes
                0x000001ae       0x1b d:/home/eepw-digikey/2025-2/FTHR_I2C/build/startup_max78000.o
 .ARM.attributes
                0x000001c9       0x32 d:/home/eepw-digikey/2025-2/FTHR_I2C/build/heap.o
 .ARM.attributes
                0x000001fb       0x32 d:/home/eepw-digikey/2025-2/FTHR_I2C/build/system_max78000.o
 .ARM.attributes
                0x0000022d       0x32 C:/MaximSDK/Libraries/PeriphDrivers/bin/MAX78000/spi-v1_softfp/libPeriphDriver_spi-v1_softfp.a(mxc_delay.o)
 .ARM.attributes
                0x0000025f       0x32 C:/MaximSDK/Libraries/PeriphDrivers/bin/MAX78000/spi-v1_softfp/libPeriphDriver_spi-v1_softfp.a(pins_ai85.o)
 .ARM.attributes